Archive member included to satisfy reference by file (symbol)

C:/Users/jirka/Documents/STM/PMSM_xsovis02/lib\libarm_cortexM4lf_math.a(arm_sin_f32.o)
                              Core/Src/main.o (arm_sin_f32)
C:/Users/jirka/Documents/STM/PMSM_xsovis02/lib\libarm_cortexM4lf_math.a(arm_cos_f32.o)
                              Core/Src/main.o (arm_cos_f32)
C:/Users/jirka/Documents/STM/PMSM_xsovis02/lib\libarm_cortexM4lf_math.a(arm_common_tables.o)
                              C:/Users/jirka/Documents/STM/PMSM_xsovis02/lib\libarm_cortexM4lf_math.a(arm_sin_f32.o) (sinTable_f32)
c:/st/stm32cubeide_1.5.1/stm32cubeide/plugins/com.st.stm32cube.ide.mcu.externaltools.gnu-tools-for-stm32.7-2018-q2-update.win32_1.5.0.202011040924/tools/bin/../lib/gcc/arm-none-eabi/7.3.1/../../../../arm-none-eabi/lib/thumb/v7e-m/fpv4-sp/hard\libc_nano.a(lib_a-errno.o)
                              Core/Src/syscalls.o (__errno)
c:/st/stm32cubeide_1.5.1/stm32cubeide/plugins/com.st.stm32cube.ide.mcu.externaltools.gnu-tools-for-stm32.7-2018-q2-update.win32_1.5.0.202011040924/tools/bin/../lib/gcc/arm-none-eabi/7.3.1/../../../../arm-none-eabi/lib/thumb/v7e-m/fpv4-sp/hard\libc_nano.a(lib_a-exit.o)
                              c:/st/stm32cubeide_1.5.1/stm32cubeide/plugins/com.st.stm32cube.ide.mcu.externaltools.gnu-tools-for-stm32.7-2018-q2-update.win32_1.5.0.202011040924/tools/bin/../lib/gcc/arm-none-eabi/7.3.1/../../../../arm-none-eabi/lib/thumb/v7e-m/fpv4-sp/hard/crt0.o (exit)
c:/st/stm32cubeide_1.5.1/stm32cubeide/plugins/com.st.stm32cube.ide.mcu.externaltools.gnu-tools-for-stm32.7-2018-q2-update.win32_1.5.0.202011040924/tools/bin/../lib/gcc/arm-none-eabi/7.3.1/../../../../arm-none-eabi/lib/thumb/v7e-m/fpv4-sp/hard\libc_nano.a(lib_a-impure.o)
                              c:/st/stm32cubeide_1.5.1/stm32cubeide/plugins/com.st.stm32cube.ide.mcu.externaltools.gnu-tools-for-stm32.7-2018-q2-update.win32_1.5.0.202011040924/tools/bin/../lib/gcc/arm-none-eabi/7.3.1/../../../../arm-none-eabi/lib/thumb/v7e-m/fpv4-sp/hard\libc_nano.a(lib_a-exit.o) (_global_impure_ptr)
c:/st/stm32cubeide_1.5.1/stm32cubeide/plugins/com.st.stm32cube.ide.mcu.externaltools.gnu-tools-for-stm32.7-2018-q2-update.win32_1.5.0.202011040924/tools/bin/../lib/gcc/arm-none-eabi/7.3.1/../../../../arm-none-eabi/lib/thumb/v7e-m/fpv4-sp/hard\libc_nano.a(lib_a-init.o)
                              c:/st/stm32cubeide_1.5.1/stm32cubeide/plugins/com.st.stm32cube.ide.mcu.externaltools.gnu-tools-for-stm32.7-2018-q2-update.win32_1.5.0.202011040924/tools/bin/../lib/gcc/arm-none-eabi/7.3.1/../../../../arm-none-eabi/lib/thumb/v7e-m/fpv4-sp/hard/crt0.o (__libc_init_array)
c:/st/stm32cubeide_1.5.1/stm32cubeide/plugins/com.st.stm32cube.ide.mcu.externaltools.gnu-tools-for-stm32.7-2018-q2-update.win32_1.5.0.202011040924/tools/bin/../lib/gcc/arm-none-eabi/7.3.1/../../../../arm-none-eabi/lib/thumb/v7e-m/fpv4-sp/hard\libc_nano.a(lib_a-memset.o)
                              c:/st/stm32cubeide_1.5.1/stm32cubeide/plugins/com.st.stm32cube.ide.mcu.externaltools.gnu-tools-for-stm32.7-2018-q2-update.win32_1.5.0.202011040924/tools/bin/../lib/gcc/arm-none-eabi/7.3.1/../../../../arm-none-eabi/lib/thumb/v7e-m/fpv4-sp/hard/crt0.o (memset)
c:/st/stm32cubeide_1.5.1/stm32cubeide/plugins/com.st.stm32cube.ide.mcu.externaltools.gnu-tools-for-stm32.7-2018-q2-update.win32_1.5.0.202011040924/tools/bin/../lib/gcc/arm-none-eabi/7.3.1/thumb/v7e-m/fpv4-sp/hard\libgcc.a(_arm_addsubdf3.o)
                              Core/Src/main.o (__aeabi_dsub)
c:/st/stm32cubeide_1.5.1/stm32cubeide/plugins/com.st.stm32cube.ide.mcu.externaltools.gnu-tools-for-stm32.7-2018-q2-update.win32_1.5.0.202011040924/tools/bin/../lib/gcc/arm-none-eabi/7.3.1/thumb/v7e-m/fpv4-sp/hard\libgcc.a(_arm_muldivdf3.o)
                              Core/Src/main.o (__aeabi_dmul)
c:/st/stm32cubeide_1.5.1/stm32cubeide/plugins/com.st.stm32cube.ide.mcu.externaltools.gnu-tools-for-stm32.7-2018-q2-update.win32_1.5.0.202011040924/tools/bin/../lib/gcc/arm-none-eabi/7.3.1/thumb/v7e-m/fpv4-sp/hard\libgcc.a(_arm_cmpdf2.o)
                              Core/Src/main.o (__aeabi_dcmplt)
c:/st/stm32cubeide_1.5.1/stm32cubeide/plugins/com.st.stm32cube.ide.mcu.externaltools.gnu-tools-for-stm32.7-2018-q2-update.win32_1.5.0.202011040924/tools/bin/../lib/gcc/arm-none-eabi/7.3.1/thumb/v7e-m/fpv4-sp/hard\libgcc.a(_arm_fixunsdfsi.o)
                              Core/Src/main.o (__aeabi_d2uiz)
c:/st/stm32cubeide_1.5.1/stm32cubeide/plugins/com.st.stm32cube.ide.mcu.externaltools.gnu-tools-for-stm32.7-2018-q2-update.win32_1.5.0.202011040924/tools/bin/../lib/gcc/arm-none-eabi/7.3.1/thumb/v7e-m/fpv4-sp/hard\libgcc.a(_arm_truncdfsf2.o)
                              Core/Src/main.o (__aeabi_d2f)
c:/st/stm32cubeide_1.5.1/stm32cubeide/plugins/com.st.stm32cube.ide.mcu.externaltools.gnu-tools-for-stm32.7-2018-q2-update.win32_1.5.0.202011040924/tools/bin/../lib/gcc/arm-none-eabi/7.3.1/thumb/v7e-m/fpv4-sp/hard\libgcc.a(_aeabi_ldivmod.o)
[...]
Memory Configuration

Name             Origin             Length             Attributes
RAM              0x0000000020000000 0x0000000000018000 xrw
RAM2             0x0000000010000000 0x0000000000008000 xrw
FLASH            0x0000000008000000 0x0000000000100000 xr
*default*        0x0000000000000000 0xffffffffffffffff

Linker script and memory map

LOAD c:/st/stm32cubeide_1.5.1/stm32cubeide/plugins/com.st.stm32cube.ide.mcu.externaltools.gnu-tools-for-stm32.7-2018-q2-update.win32_1.5.0.202011040924/tools/bin/../lib/gcc/arm-none-eabi/7.3.1/thumb/v7e-m/fpv4-sp/hard/crti.o
LOAD c:/st/stm32cubeide_1.5.1/stm32cubeide/plugins/com.st.stm32cube.ide.mcu.externaltools.gnu-tools-for-stm32.7-2018-q2-update.win32_1.5.0.202011040924/tools/bin/../lib/gcc/arm-none-eabi/7.3.1/thumb/v7e-m/fpv4-sp/hard/crtbegin.o
LOAD c:/st/stm32cubeide_1.5.1/stm32cubeide/plugins/com.st.stm32cube.ide.mcu.externaltools.gnu-tools-for-stm32.7-2018-q2-update.win32_1.5.0.202011040924/tools/bin/../lib/gcc/arm-none-eabi/7.3.1/../../../../arm-none-eabi/lib/thumb/v7e-m/fpv4-sp/hard/crt0.o
LOAD Core/Src/main.o
LOAD Core/Src/stm32l4xx_hal_msp.o
LOAD Core/Src/stm32l4xx_it.o
LOAD Core/Src/syscalls.o
LOAD Core/Src/system_stm32l4xx.o
LOAD Drivers/STM32L4xx_HAL_Driver/Src/stm32l4xx_hal.o
LOAD Drivers/STM32L4xx_HAL_Driver/Src/stm32l4xx_hal_adc.o
LOAD Drivers/STM32L4xx_HAL_Driver/Src/stm32l4xx_hal_adc_ex.o
LOAD Drivers/STM32L4xx_HAL_Driver/Src/stm32l4xx_hal_cortex.o
LOAD Drivers/STM32L4xx_HAL_Driver/Src/stm32l4xx_hal_dma.o
LOAD Drivers/STM32L4xx_HAL_Driver/Src/stm32l4xx_hal_dma_ex.o
LOAD Drivers/STM32L4xx_HAL_Driver/Src/stm32l4xx_hal_exti.o
LOAD Drivers/STM32L4xx_HAL_Driver/Src/stm32l4xx_hal_flash.o
LOAD Drivers/STM32L4xx_HAL_Driver/Src/stm32l4xx_hal_flash_ex.o
LOAD Drivers/STM32L4xx_HAL_Driver/Src/stm32l4xx_hal_flash_ramfunc.o
LOAD Drivers/STM32L4xx_HAL_Driver/Src/stm32l4xx_hal_gpio.o
LOAD Drivers/STM32L4xx_HAL_Driver/Src/stm32l4xx_hal_i2c.o
LOAD Drivers/STM32L4xx_HAL_Driver/Src/stm32l4xx_hal_i2c_ex.o
LOAD Drivers/STM32L4xx_HAL_Driver/Src/stm32l4xx_hal_pwr.o
LOAD Drivers/STM32L4xx_HAL_Driver/Src/stm32l4xx_hal_pwr_ex.o
LOAD Drivers/STM32L4xx_HAL_Driver/Src/stm32l4xx_hal_rcc.o
LOAD Drivers/STM32L4xx_HAL_Driver/Src/stm32l4xx_hal_rcc_ex.o
LOAD Drivers/STM32L4xx_HAL_Driver/Src/stm32l4xx_hal_spi.o
LOAD Drivers/STM32L4xx_HAL_Driver/Src/stm32l4xx_hal_spi_ex.o
LOAD Drivers/STM32L4xx_HAL_Driver/Src/stm32l4xx_hal_tim.o
LOAD Drivers/STM32L4xx_HAL_Driver/Src/stm32l4xx_hal_tim_ex.o
LOAD Drivers/STM32L4xx_HAL_Driver/Src/stm32l4xx_hal_uart.o
LOAD Drivers/STM32L4xx_HAL_Driver/Src/stm32l4xx_hal_uart_ex.o
LOAD startup/startup_stm32l476xx.o
LOAD C:/Users/jirka/Documents/STM/PMSM_xsovis02/lib\libarm_cortexM4lf_math.a
START GROUP
LOAD c:/st/stm32cubeide_1.5.1/stm32cubeide/plugins/com.st.stm32cube.ide.mcu.externaltools.gnu-tools-for-stm32.7-2018-q2-update.win32_1.5.0.202011040924/tools/bin/../lib/gcc/arm-none-eabi/7.3.1/../../../../arm-none-eabi/lib/thumb/v7e-m/fpv4-sp/hard\libc_nano.a
LOAD c:/st/stm32cubeide_1.5.1/stm32cubeide/plugins/com.st.stm32cube.ide.mcu.externaltools.gnu-tools-for-stm32.7-2018-q2-update.win32_1.5.0.202011040924/tools/bin/../lib/gcc/arm-none-eabi/7.3.1/../../../../arm-none-eabi/lib/thumb/v7e-m/fpv4-sp/hard\libm.a
END GROUP
START GROUP
LOAD c:/st/stm32cubeide_1.5.1/stm32cubeide/plugins/com.st.stm32cube.ide.mcu.externaltools.gnu-tools-for-stm32.7-2018-q2-update.win32_1.5.0.202011040924/tools/bin/../lib/gcc/arm-none-eabi/7.3.1/thumb/v7e-m/fpv4-sp/hard\libgcc.a
LOAD c:/st/stm32cubeide_1.5.1/stm32cubeide/plugins/com.st.stm32cube.ide.mcu.externaltools.gnu-tools-for-stm32.7-2018-q2-update.win32_1.5.0.202011040924/tools/bin/../lib/gcc/arm-none-eabi/7.3.1/../../../../arm-none-eabi/lib/thumb/v7e-m/fpv4-sp/hard\libc_nano.a
END GROUP
START GROUP
LOAD c:/st/stm32cubeide_1.5.1/stm32cubeide/plugins/com.st.stm32cube.ide.mcu.externaltools.gnu-tools-for-stm32.7-2018-q2-update.win32_1.5.0.202011040924/tools/bin/../lib/gcc/arm-none-eabi/7.3.1/thumb/v7e-m/fpv4-sp/hard\libgcc.a
LOAD c:/st/stm32cubeide_1.5.1/stm32cubeide/plugins/com.st.stm32cube.ide.mcu.externaltools.gnu-tools-for-stm32.7-2018-q2-update.win32_1.5.0.202011040924/tools/bin/../lib/gcc/arm-none-eabi/7.3.1/../../../../arm-none-eabi/lib/thumb/v7e-m/fpv4-sp/hard\libc_nano.a
LOAD c:/st/stm32cubeide_1.5.1/stm32cubeide/plugins/com.st.stm32cube.ide.mcu.externaltools.gnu-tools-for-stm32.7-2018-q2-update.win32_1.5.0.202011040924/tools/bin/../lib/gcc/arm-none-eabi/7.3.1/../../../../arm-none-eabi/lib/thumb/v7e-m/fpv4-sp/hard\libnosys.a
END GROUP
START GROUP
LOAD c:/st/stm32cubeide_1.5.1/stm32cubeide/plugins/com.st.stm32cube.ide.mcu.externaltools.gnu-tools-for-stm32.7-2018-q2-update.win32_1.5.0.202011040924/tools/bin/../lib/gcc/arm-none-eabi/7.3.1/thumb/v7e-m/fpv4-sp/hard\libgcc.a
LOAD c:/st/stm32cubeide_1.5.1/stm32cubeide/plugins/com.st.stm32cube.ide.mcu.externaltools.gnu-tools-for-stm32.7-2018-q2-update.win32_1.5.0.202011040924/tools/bin/../lib/gcc/arm-none-eabi/7.3.1/../../../../arm-none-eabi/lib/thumb/v7e-m/fpv4-sp/hard\libc_nano.a
LOAD c:/st/stm32cubeide_1.5.1/stm32cubeide/plugins/com.st.stm32cube.ide.mcu.externaltools.gnu-tools-for-stm32.7-2018-q2-update.win32_1.5.0.202011040924/tools/bin/../lib/gcc/arm-none-eabi/7.3.1/../../../../arm-none-eabi/lib/thumb/v7e-m/fpv4-sp/hard\libnosys.a
END GROUP
LOAD c:/st/stm32cubeide_1.5.1/stm32cubeide/plugins/com.st.stm32cube.ide.mcu.externaltools.gnu-tools-for-stm32.7-2018-q2-update.win32_1.5.0.202011040924/tools/bin/../lib/gcc/arm-none-eabi/7.3.1/thumb/v7e-m/fpv4-sp/hard/crtend.o
LOAD c:/st/stm32cubeide_1.5.1/stm32cubeide/plugins/com.st.stm32cube.ide.mcu.externaltools.gnu-tools-for-stm32.7-2018-q2-update.win32_1.5.0.202011040924/tools/bin/../lib/gcc/arm-none-eabi/7.3.1/thumb/v7e-m/fpv4-sp/hard/crtn.o
                0x0000000020018000                _estack = 0x20018000
                0x0000000000000200                _Min_Heap_Size = 0x200
                0x0000000000000400                _Min_Stack_Size = 0x400

.isr_vector     0x0000000008000000      0x188
                0x0000000008000000                . = ALIGN (0x4)
 *(.isr_vector)
 .isr_vector    0x0000000008000000      0x188 startup/startup_stm32l476xx.o
                0x0000000008000000                g_pfnVectors
                0x0000000008000188                . = ALIGN (0x4)

.text           0x0000000008000188     0x573c
                0x0000000008000188                . = ALIGN (0x4)
 *(.text)
 .text          0x0000000008000188       0x40 c:/st/stm32cubeide_1.5.1/stm32cubeide/plugins/com.st.stm32cube.ide.mcu.externaltools.gnu-tools-for-stm32.7-2018-q2-update.win32_1.5.0.202011040924/tools/bin/../lib/gcc/arm-none-eabi/7.3.1/thumb/v7e-m/fpv4-sp/hard/crtbegin.o
 .text          0x00000000080001c8      0x378 c:/st/stm32cubeide_1.5.1/stm32cubeide/plugins/com.st.stm32cube.ide.mcu.externaltools.gnu-tools-for-stm32.7-2018-q2-update.win32_1.5.0.202011040924/tools/bin/../lib/gcc/arm-none-eabi/7.3.1/thumb/v7e-m/fpv4-sp/hard\libgcc.a(_arm_addsubdf3.o)
                0x00000000080001c8                __aeabi_drsub
                0x00000000080001d0                __aeabi_dsub
                0x00000000080001d0                __subdf3
                0x00000000080001d4                __aeabi_dadd
                0x00000000080001d4                __adddf3
                0x000000000800044c                __floatunsidf
                0x000000000800044c                __aeabi_ui2d
                0x000000000800046c                __floatsidf
                0x000000000800046c                __aeabi_i2d
                0x0000000008000490                __aeabi_f2d
                0x0000000008000490                __extendsfdf2
                0x00000000080004d4                __floatundidf
                0x00000000080004d4                __aeabi_ul2d
                0x00000000080004e4                __floatdidf
                0x00000000080004e4                __aeabi_l2d
 .text          0x0000000008000540      0x424 c:/st/stm32cubeide_1.5.1/stm32cubeide/plugins/com.st.stm32cube.ide.mcu.externaltools.gnu-tools-for-stm32.7-2018-q2-update.win32_1.5.0.202011040924/tools/bin/../lib/gcc/arm-none-eabi/7.3.1/thumb/v7e-m/fpv4-sp/hard\libgcc.a(_arm_muldivdf3.o)
                0x0000000008000540                __aeabi_dmul
                0x0000000008000540                __muldf3
                0x0000000008000794                __divdf3
                0x0000000008000794                __aeabi_ddiv
 .text          0x0000000008000964      0x110 c:/st/stm32cubeide_1.5.1/stm32cubeide/plugins/com.st.stm32cube.ide.mcu.externaltools.gnu-tools-for-stm32.7-2018-q2-update.win32_1.5.0.202011040924/tools/bin/../lib/gcc/arm-none-eabi/7.3.1/thumb/v7e-m/fpv4-sp/hard\libgcc.a(_arm_cmpdf2.o)
                0x0000000008000964                __gtdf2
                0x0000000008000964                __gedf2
                0x000000000800096c                __ltdf2
                0x000000000800096c                __ledf2
                0x0000000008000974                __nedf2
                0x0000000008000974                __eqdf2
                0x0000000008000974                __cmpdf2
                0x00000000080009f0                __aeabi_cdrcmple
                0x0000000008000a00                __aeabi_cdcmpeq
                0x0000000008000a00                __aeabi_cdcmple
                0x0000000008000a10                __aeabi_dcmpeq
                0x0000000008000a24                __aeabi_dcmplt
                0x0000000008000a38                __aeabi_dcmple
                0x0000000008000a4c                __aeabi_dcmpge
                0x0000000008000a60                __aeabi_dcmpgt
 .text          0x0000000008000a74       0x40 c:/st/stm32cubeide_1.5.1/stm32cubeide/plugins/com.st.stm32cube.ide.mcu.externaltools.gnu-tools-for-stm32.7-2018-q2-update.win32_1.5.0.202011040924/tools/bin/../lib/gcc/arm-none-eabi/7.3.1/thumb/v7e-m/fpv4-sp/hard\libgcc.a(_arm_fixunsdfsi.o)
                0x0000000008000a74                __aeabi_d2uiz
                0x0000000008000a74                __fixunsdfsi
 .text          0x0000000008000ab4       0xa0 c:/st/stm32cubeide_1.5.1/stm32cubeide/plugins/com.st.stm32cube.ide.mcu.externaltools.gnu-tools-for-stm32.7-2018-q2-update.win32_1.5.0.202011040924/tools/bin/../lib/gcc/arm-none-eabi/7.3.1/thumb/v7e-m/fpv4-sp/hard\libgcc.a(_arm_truncdfsf2.o)
                0x0000000008000ab4                __truncdfsf2
                0x0000000008000ab4                __aeabi_d2f
 .text          0x0000000008000b54       0x30 c:/st/stm32cubeide_1.5.1/stm32cubeide/plugins/com.st.stm32cube.ide.mcu.externaltools.gnu-tools-for-stm32.7-2018-q2-update.win32_1.5.0.202011040924/tools/bin/../lib/gcc/arm-none-eabi/7.3.1/thumb/v7e-m/fpv4-sp/hard\libgcc.a(_aeabi_uldivmod.o)
                0x0000000008000b54                __aeabi_uldivmod
 .text          0x0000000008000b84      0x2cc c:/st/stm32cubeide_1.5.1/stm32cubeide/plugins/com.st.stm32cube.ide.mcu.externaltools.gnu-tools-for-stm32.7-2018-q2-update.win32_1.5.0.202011040924/tools/bin/../lib/gcc/arm-none-eabi/7.3.1/thumb/v7e-m/fpv4-sp/hard\libgcc.a(_udivmoddi4.o)
                0x0000000008000b84                __udivmoddi4
 .text          0x0000000008000e50        0x4 c:/st/stm32cubeide_1.5.1/stm32cubeide/plugins/com.st.stm32cube.ide.mcu.externaltools.gnu-tools-for-stm32.7-2018-q2-update.win32_1.5.0.202011040924/tools/bin/../lib/gcc/arm-none-eabi/7.3.1/thumb/v7e-m/fpv4-sp/hard\libgcc.a(_dvmd_tls.o)
                0x0000000008000e50                __aeabi_idiv0
                0x0000000008000e50                __aeabi_ldiv0
 *(.text*)
 *fill*         0x0000000008000e54        0x4 
 .text.HAL_TIM_PeriodElapsedCallback
                0x0000000008000e58      0x140 Core/Src/main.o
                0x0000000008000e58                HAL_TIM_PeriodElapsedCallback
 .text.HAL_ADCEx_InjectedConvCpltCallback
                0x0000000008000f98      0x54c Core/Src/main.o
                0x0000000008000f98                HAL_ADCEx_InjectedConvCpltCallback
 .text.SystemClock_Config
                0x00000000080014e4       0xb4 Core/Src/main.o
                0x00000000080014e4                SystemClock_Config
 .text.startup.main
                0x0000000008001598      0x484 Core/Src/main.o
                0x0000000008001598                main
 .text.HAL_MspInit
                0x0000000008001a1c       0x30 Core/Src/stm32l4xx_hal_msp.o
                0x0000000008001a1c                HAL_MspInit
 .text.HAL_ADC_MspInit
                0x0000000008001a4c       0xc0 Core/Src/stm32l4xx_hal_msp.o
                0x0000000008001a4c                HAL_ADC_MspInit
 .text.HAL_SPI_MspInit
                0x0000000008001b0c       0x7c Core/Src/stm32l4xx_hal_msp.o
                0x0000000008001b0c                HAL_SPI_MspInit
 .text.HAL_TIM_Base_MspInit
                0x0000000008001b88       0x78 Core/Src/stm32l4xx_hal_msp.o
                0x0000000008001b88                HAL_TIM_Base_MspInit
 .text.HAL_TIM_MspPostInit
                0x0000000008001c00       0x80 Core/Src/stm32l4xx_hal_msp.o
                0x0000000008001c00                HAL_TIM_MspPostInit
 .text.HAL_UART_MspInit
                0x0000000008001c80       0x6c Core/Src/stm32l4xx_hal_msp.o
                0x0000000008001c80                HAL_UART_MspInit
 .text.NMI_Handler
                0x0000000008001cec        0x4 Core/Src/stm32l4xx_it.o
                0x0000000008001cec                NMI_Handler
 .text.HardFault_Handler
                0x0000000008001cf0        0x4 Core/Src/stm32l4xx_it.o
                0x0000000008001cf0                HardFault_Handler
 .text.MemManage_Handler
                0x0000000008001cf4        0x4 Core/Src/stm32l4xx_it.o
                0x0000000008001cf4                MemManage_Handler
 .text.BusFault_Handler
                0x0000000008001cf8        0x4 Core/Src/stm32l4xx_it.o
                0x0000000008001cf8                BusFault_Handler
 .text.UsageFault_Handler
                0x0000000008001cfc        0x4 Core/Src/stm32l4xx_it.o
                0x0000000008001cfc                UsageFault_Handler
 .text.SVC_Handler
                0x0000000008001d00        0x4 Core/Src/stm32l4xx_it.o
                0x0000000008001d00                SVC_Handler
 .text.DebugMon_Handler
                0x0000000008001d04        0x4 Core/Src/stm32l4xx_it.o
                0x0000000008001d04                DebugMon_Handler
 .text.PendSV_Handler
                0x0000000008001d08        0x4 Core/Src/stm32l4xx_it.o
                0x0000000008001d08                PendSV_Handler
 .text.SysTick_Handler
                0x0000000008001d0c        0x4 Core/Src/stm32l4xx_it.o
                0x0000000008001d0c                SysTick_Handler
 .text.ADC1_2_IRQHandler
                0x0000000008001d10        0xc Core/Src/stm32l4xx_it.o
                0x0000000008001d10                ADC1_2_IRQHandler
 .text.TIM1_UP_TIM16_IRQHandler
                0x0000000008001d1c        0xc Core/Src/stm32l4xx_it.o
                0x0000000008001d1c                TIM1_UP_TIM16_IRQHandler
 .text.TIM2_IRQHandler
                0x0000000008001d28        0xc Core/Src/stm32l4xx_it.o
                0x0000000008001d28                TIM2_IRQHandler
 .text.SPI3_IRQHandler
                0x0000000008001d34        0xc Core/Src/stm32l4xx_it.o
                0x0000000008001d34                SPI3_IRQHandler
 .text.SystemInit
                0x0000000008001d40       0x50 Core/Src/system_stm32l4xx.o
                0x0000000008001d40                SystemInit
 .text.HAL_InitTick
                0x0000000008001d90       0x4c Drivers/STM32L4xx_HAL_Driver/Src/stm32l4xx_hal.o
                0x0000000008001d90                HAL_InitTick
 .text.HAL_Init
                0x0000000008001ddc       0x38 Drivers/STM32L4xx_HAL_Driver/Src/stm32l4xx_hal.o
                0x0000000008001ddc                HAL_Init
 .text.HAL_IncTick
                0x0000000008001e14       0x18 Drivers/STM32L4xx_HAL_Driver/Src/stm32l4xx_hal.o
                0x0000000008001e14                HAL_IncTick
 .text.HAL_GetTick
                0x0000000008001e2c        0xc Drivers/STM32L4xx_HAL_Driver/Src/stm32l4xx_hal.o
                0x0000000008001e2c                HAL_GetTick
 .text.HAL_ADC_Init
                0x0000000008001e38      0x1e0 Drivers/STM32L4xx_HAL_Driver/Src/stm32l4xx_hal_adc.o
                0x0000000008001e38                HAL_ADC_Init
 .text.HAL_ADC_ConvCpltCallback
                0x0000000008002018        0x4 Drivers/STM32L4xx_HAL_Driver/Src/stm32l4xx_hal_adc.o
                0x0000000008002018                HAL_ADC_ConvCpltCallback
 .text.HAL_ADC_LevelOutOfWindowCallback
                0x000000000800201c        0x4 Drivers/STM32L4xx_HAL_Driver/Src/stm32l4xx_hal_adc.o
                0x000000000800201c                HAL_ADC_LevelOutOfWindowCallback
 .text.HAL_ADC_ErrorCallback
                0x0000000008002020        0x4 Drivers/STM32L4xx_HAL_Driver/Src/stm32l4xx_hal_adc.o
                0x0000000008002020                HAL_ADC_ErrorCallback
 .text.HAL_ADC_IRQHandler
                0x0000000008002024      0x248 Drivers/STM32L4xx_HAL_Driver/Src/stm32l4xx_hal_adc.o
                0x0000000008002024                HAL_ADC_IRQHandler
 .text.HAL_ADC_ConfigChannel
                0x000000000800226c      0x454 Drivers/STM32L4xx_HAL_Driver/Src/stm32l4xx_hal_adc.o
                0x000000000800226c                HAL_ADC_ConfigChannel
 .text.ADC_Enable
                0x00000000080026c0       0x94 Drivers/STM32L4xx_HAL_Driver/Src/stm32l4xx_hal_adc.o
                0x00000000080026c0                ADC_Enable
 .text.ADC_Disable
                0x0000000008002754       0x7c Drivers/STM32L4xx_HAL_Driver/Src/stm32l4xx_hal_adc.o
                0x0000000008002754                ADC_Disable
 .text.HAL_ADCEx_Calibration_Start
                0x00000000080027d0       0xa0 Drivers/STM32L4xx_HAL_Driver/Src/stm32l4xx_hal_adc_ex.o
                0x00000000080027d0                HAL_ADCEx_Calibration_Start
 .text.HAL_ADCEx_InjectedStart_IT
                0x0000000008002870      0x100 Drivers/STM32L4xx_HAL_Driver/Src/stm32l4xx_hal_adc_ex.o
                0x0000000008002870                HAL_ADCEx_InjectedStart_IT
 .text.HAL_ADCEx_InjectedQueueOverflowCallback
                0x0000000008002970        0x4 Drivers/STM32L4xx_HAL_Driver/Src/stm32l4xx_hal_adc_ex.o
                0x0000000008002970                HAL_ADCEx_InjectedQueueOverflowCallback
 .text.HAL_ADCEx_LevelOutOfWindow2Callback
                0x0000000008002974        0x4 Drivers/STM32L4xx_HAL_Driver/Src/stm32l4xx_hal_adc_ex.o
                0x0000000008002974                HAL_ADCEx_LevelOutOfWindow2Callback
 .text.HAL_ADCEx_LevelOutOfWindow3Callback
                0x0000000008002978        0x4 Drivers/STM32L4xx_HAL_Driver/Src/stm32l4xx_hal_adc_ex.o
                0x0000000008002978                HAL_ADCEx_LevelOutOfWindow3Callback
 .text.HAL_ADCEx_EndOfSamplingCallback
                0x000000000800297c        0x4 Drivers/STM32L4xx_HAL_Driver/Src/stm32l4xx_hal_adc_ex.o
                0x000000000800297c                HAL_ADCEx_EndOfSamplingCallback
 .text.HAL_ADCEx_InjectedConfigChannel
                0x0000000008002980      0x53c Drivers/STM32L4xx_HAL_Driver/Src/stm32l4xx_hal_adc_ex.o
                0x0000000008002980                HAL_ADCEx_InjectedConfigChannel
 .text.HAL_ADCEx_MultiModeConfigChannel
                0x0000000008002ebc       0xe0 Drivers/STM32L4xx_HAL_Driver/Src/stm32l4xx_hal_adc_ex.o
                0x0000000008002ebc                HAL_ADCEx_MultiModeConfigChannel
 .text.HAL_ADCEx_DisableInjectedQueue
                0x0000000008002f9c       0x28 Drivers/STM32L4xx_HAL_Driver/Src/stm32l4xx_hal_adc_ex.o
                0x0000000008002f9c                HAL_ADCEx_DisableInjectedQueue
 .text.HAL_NVIC_SetPriorityGrouping
                0x0000000008002fc4       0x24 Drivers/STM32L4xx_HAL_Driver/Src/stm32l4xx_hal_cortex.o
                0x0000000008002fc4                HAL_NVIC_SetPriorityGrouping
 .text.HAL_NVIC_SetPriority
                0x0000000008002fe8       0x6c Drivers/STM32L4xx_HAL_Driver/Src/stm32l4xx_hal_cortex.o
                0x0000000008002fe8                HAL_NVIC_SetPriority
 .text.HAL_NVIC_EnableIRQ
                0x0000000008003054       0x1c Drivers/STM32L4xx_HAL_Driver/Src/stm32l4xx_hal_cortex.o
                0x0000000008003054                HAL_NVIC_EnableIRQ
 .text.HAL_SYSTICK_Config
                0x0000000008003070       0x34 Drivers/STM32L4xx_HAL_Driver/Src/stm32l4xx_hal_cortex.o
                0x0000000008003070                HAL_SYSTICK_Config
 .text.HAL_DMA_Abort_IT
                0x00000000080030a4       0x4c Drivers/STM32L4xx_HAL_Driver/Src/stm32l4xx_hal_dma.o
                0x00000000080030a4                HAL_DMA_Abort_IT
 .text.HAL_GPIO_Init
                0x00000000080030f0      0x1f0 Drivers/STM32L4xx_HAL_Driver/Src/stm32l4xx_hal_gpio.o
                0x00000000080030f0                HAL_GPIO_Init
 .text.HAL_GPIO_WritePin
                0x00000000080032e0        0xc Drivers/STM32L4xx_HAL_Driver/Src/stm32l4xx_hal_gpio.o
                0x00000000080032e0                HAL_GPIO_WritePin
 .text.HAL_PWREx_GetVoltageRange
                0x00000000080032ec       0x10 Drivers/STM32L4xx_HAL_Driver/Src/stm32l4xx_hal_pwr_ex.o
                0x00000000080032ec                HAL_PWREx_GetVoltageRange
 .text.HAL_PWREx_ControlVoltageScaling
                0x00000000080032fc       0x88 Drivers/STM32L4xx_HAL_Driver/Src/stm32l4xx_hal_pwr_ex.o
                0x00000000080032fc                HAL_PWREx_ControlVoltageScaling
 .text.HAL_RCC_GetSysClockFreq
                0x0000000008003384       0xb4 Drivers/STM32L4xx_HAL_Driver/Src/stm32l4xx_hal_rcc.o
                0x0000000008003384                HAL_RCC_GetSysClockFreq
 .text.HAL_RCC_OscConfig
                0x0000000008003438      0x6e0 Drivers/STM32L4xx_HAL_Driver/Src/stm32l4xx_hal_rcc.o
                0x0000000008003438                HAL_RCC_OscConfig
 .text.HAL_RCC_ClockConfig
                0x0000000008003b18      0x130 Drivers/STM32L4xx_HAL_Driver/Src/stm32l4xx_hal_rcc.o
                0x0000000008003b18                HAL_RCC_ClockConfig
 .text.HAL_RCC_GetPCLK1Freq
                0x0000000008003c48       0x24 Drivers/STM32L4xx_HAL_Driver/Src/stm32l4xx_hal_rcc.o
                0x0000000008003c48                HAL_RCC_GetPCLK1Freq
 .text.HAL_RCC_GetPCLK2Freq
                0x0000000008003c6c       0x24 Drivers/STM32L4xx_HAL_Driver/Src/stm32l4xx_hal_rcc.o
                0x0000000008003c6c                HAL_RCC_GetPCLK2Freq
 .text.RCCEx_PLLSAI1_Config
                0x0000000008003c90      0x11c Drivers/STM32L4xx_HAL_Driver/Src/stm32l4xx_hal_rcc_ex.o
 .text.RCCEx_PLLSAI2_Config
                0x0000000008003dac       0xfc Drivers/STM32L4xx_HAL_Driver/Src/stm32l4xx_hal_rcc_ex.o
 .text.HAL_RCCEx_PeriphCLKConfig
                0x0000000008003ea8      0x420 Drivers/STM32L4xx_HAL_Driver/Src/stm32l4xx_hal_rcc_ex.o
                0x0000000008003ea8                HAL_RCCEx_PeriphCLKConfig
 .text.HAL_SPI_Init
                0x00000000080042c8      0x104 Drivers/STM32L4xx_HAL_Driver/Src/stm32l4xx_hal_spi.o
                0x00000000080042c8                HAL_SPI_Init
 .text.HAL_SPI_ErrorCallback
                0x00000000080043cc        0x4 Drivers/STM32L4xx_HAL_Driver/Src/stm32l4xx_hal_spi.o
                0x00000000080043cc                HAL_SPI_ErrorCallback
 .text.HAL_SPI_IRQHandler
                0x00000000080043d0      0x144 Drivers/STM32L4xx_HAL_Driver/Src/stm32l4xx_hal_spi.o
                0x00000000080043d0                HAL_SPI_IRQHandler
 .text.SPI_DMAAbortOnError
                0x0000000008004514       0x14 Drivers/STM32L4xx_HAL_Driver/Src/stm32l4xx_hal_spi.o
 .text.HAL_TIM_Base_Init
                0x0000000008004528      0x144 Drivers/STM32L4xx_HAL_Driver/Src/stm32l4xx_hal_tim.o
                0x0000000008004528                HAL_TIM_Base_Init
 .text.HAL_TIM_Base_Start
                0x000000000800466c       0x70 Drivers/STM32L4xx_HAL_Driver/Src/stm32l4xx_hal_tim.o
                0x000000000800466c                HAL_TIM_Base_Start
 .text.HAL_TIM_Base_Start_IT
                0x00000000080046dc       0x7c Drivers/STM32L4xx_HAL_Driver/Src/stm32l4xx_hal_tim.o
                0x00000000080046dc                HAL_TIM_Base_Start_IT
 .text.HAL_TIM_PWM_MspInit
                0x0000000008004758        0x4 Drivers/STM32L4xx_HAL_Driver/Src/stm32l4xx_hal_tim.o
                0x0000000008004758                HAL_TIM_PWM_MspInit
 .text.HAL_TIM_PWM_Init
                0x000000000800475c      0x144 Drivers/STM32L4xx_HAL_Driver/Src/stm32l4xx_hal_tim.o
                0x000000000800475c                HAL_TIM_PWM_Init
 .text.HAL_TIM_PWM_Start
                0x00000000080048a0      0x12c Drivers/STM32L4xx_HAL_Driver/Src/stm32l4xx_hal_tim.o
                0x00000000080048a0                HAL_TIM_PWM_Start
 .text.HAL_TIM_PWM_ConfigChannel
                0x00000000080049cc      0x3cc Drivers/STM32L4xx_HAL_Driver/Src/stm32l4xx_hal_tim.o
                0x00000000080049cc                HAL_TIM_PWM_ConfigChannel
 .text.HAL_TIM_ConfigClockSource
                0x0000000008004d98      0x150 Drivers/STM32L4xx_HAL_Driver/Src/stm32l4xx_hal_tim.o
                0x0000000008004d98                HAL_TIM_ConfigClockSource
 .text.HAL_TIM_OC_DelayElapsedCallback
                0x0000000008004ee8        0x4 Drivers/STM32L4xx_HAL_Driver/Src/stm32l4xx_hal_tim.o
                0x0000000008004ee8                HAL_TIM_OC_DelayElapsedCallback
 .text.HAL_TIM_IC_CaptureCallback
                0x0000000008004eec        0x4 Drivers/STM32L4xx_HAL_Driver/Src/stm32l4xx_hal_tim.o
                0x0000000008004eec                HAL_TIM_IC_CaptureCallback
 .text.HAL_TIM_PWM_PulseFinishedCallback
                0x0000000008004ef0        0x4 Drivers/STM32L4xx_HAL_Driver/Src/stm32l4xx_hal_tim.o
                0x0000000008004ef0                HAL_TIM_PWM_PulseFinishedCallback
 .text.HAL_TIM_TriggerCallback
                0x0000000008004ef4        0x4 Drivers/STM32L4xx_HAL_Driver/Src/stm32l4xx_hal_tim.o
                0x0000000008004ef4                HAL_TIM_TriggerCallback
 .text.HAL_TIM_IRQHandler
                0x0000000008004ef8      0x170 Drivers/STM32L4xx_HAL_Driver/Src/stm32l4xx_hal_tim.o
                0x0000000008004ef8                HAL_TIM_IRQHandler
 .text.HAL_TIMEx_PWMN_Start
                0x0000000008005068       0xd8 Drivers/STM32L4xx_HAL_Driver/Src/stm32l4xx_hal_tim_ex.o
                0x0000000008005068                HAL_TIMEx_PWMN_Start
 .text.HAL_TIMEx_MasterConfigSynchronization
                0x0000000008005140       0xa4 Drivers/STM32L4xx_HAL_Driver/Src/stm32l4xx_hal_tim_ex.o
                0x0000000008005140                HAL_TIMEx_MasterConfigSynchronization
 .text.HAL_TIMEx_ConfigBreakDeadTime
                0x00000000080051e4       0x8c Drivers/STM32L4xx_HAL_Driver/Src/stm32l4xx_hal_tim_ex.o
                0x00000000080051e4                HAL_TIMEx_ConfigBreakDeadTime
 .text.HAL_TIMEx_CommutCallback
                0x0000000008005270        0x4 Drivers/STM32L4xx_HAL_Driver/Src/stm32l4xx_hal_tim_ex.o
                0x0000000008005270                HAL_TIMEx_CommutCallback
 .text.HAL_TIMEx_BreakCallback
                0x0000000008005274        0x4 Drivers/STM32L4xx_HAL_Driver/Src/stm32l4xx_hal_tim_ex.o
                0x0000000008005274                HAL_TIMEx_BreakCallback
 .text.HAL_TIMEx_Break2Callback
                0x0000000008005278        0x4 Drivers/STM32L4xx_HAL_Driver/Src/stm32l4xx_hal_tim_ex.o
                0x0000000008005278                HAL_TIMEx_Break2Callback
 .text.UART_AdvFeatureConfig
                0x000000000800527c       0xb0 Drivers/STM32L4xx_HAL_Driver/Src/stm32l4xx_hal_uart.o
                0x000000000800527c                UART_AdvFeatureConfig
 .text.HAL_UART_Init
                0x000000000800532c      0x3cc Drivers/STM32L4xx_HAL_Driver/Src/stm32l4xx_hal_uart.o
                0x000000000800532c                HAL_UART_Init
 .text.Reset_Handler
                0x00000000080056f8       0x50 startup/startup_stm32l476xx.o
                0x00000000080056f8                Reset_Handler
 .text.Default_Handler
                0x0000000008005748        0x2 startup/startup_stm32l476xx.o
                0x0000000008005748                RTC_Alarm_IRQHandler
                0x0000000008005748                EXTI2_IRQHandler
                0x0000000008005748                TIM8_TRG_COM_IRQHandler
                0x0000000008005748                TIM8_CC_IRQHandler
                0x0000000008005748                TIM1_CC_IRQHandler
                0x0000000008005748                TSC_IRQHandler
                0x0000000008005748                TAMP_STAMP_IRQHandler
                0x0000000008005748                EXTI3_IRQHandler
                0x0000000008005748                LPTIM2_IRQHandler
                0x0000000008005748                DFSDM1_FLT1_IRQHandler
                0x0000000008005748                I2C3_ER_IRQHandler
                0x0000000008005748                DFSDM1_FLT2_IRQHandler
                0x0000000008005748                EXTI0_IRQHandler
                0x0000000008005748                I2C2_EV_IRQHandler
                0x0000000008005748                CAN1_RX0_IRQHandler
                0x0000000008005748                FPU_IRQHandler
                0x0000000008005748                SPI1_IRQHandler
                0x0000000008005748                TIM6_DAC_IRQHandler
                0x0000000008005748                TIM8_UP_IRQHandler
                0x0000000008005748                DMA2_Channel2_IRQHandler
                0x0000000008005748                DMA1_Channel4_IRQHandler
                0x0000000008005748                SAI2_IRQHandler
                0x0000000008005748                DFSDM1_FLT3_IRQHandler
                0x0000000008005748                USART3_IRQHandler
                0x0000000008005748                DMA1_Channel7_IRQHandler
                0x0000000008005748                CAN1_RX1_IRQHandler
                0x0000000008005748                LCD_IRQHandler
                0x0000000008005748                UART5_IRQHandler
                0x0000000008005748                ADC3_IRQHandler
                0x0000000008005748                TIM4_IRQHandler
                0x0000000008005748                DMA2_Channel1_IRQHandler
                0x0000000008005748                QUADSPI_IRQHandler
                0x0000000008005748                I2C1_EV_IRQHandler
                0x0000000008005748                DMA1_Channel6_IRQHandler
                0x0000000008005748                UART4_IRQHandler
                0x0000000008005748                DMA2_Channel4_IRQHandler
                0x0000000008005748                TIM3_IRQHandler
                0x0000000008005748                RCC_IRQHandler
                0x0000000008005748                DMA1_Channel1_IRQHandler
                0x0000000008005748                Default_Handler
                0x0000000008005748                DMA2_Channel7_IRQHandler
                0x0000000008005748                EXTI15_10_IRQHandler
                0x0000000008005748                TIM7_IRQHandler
                0x0000000008005748                SDMMC1_IRQHandler
                0x0000000008005748                TIM5_IRQHandler
                0x0000000008005748                I2C3_EV_IRQHandler
                0x0000000008005748                EXTI9_5_IRQHandler
                0x0000000008005748                RTC_WKUP_IRQHandler
                0x0000000008005748                PVD_PVM_IRQHandler
                0x0000000008005748                SPI2_IRQHandler
                0x0000000008005748                CAN1_TX_IRQHandler
                0x0000000008005748                DMA2_Channel5_IRQHandler
                0x0000000008005748                DMA1_Channel5_IRQHandler
                0x0000000008005748                EXTI4_IRQHandler
                0x0000000008005748                RNG_IRQHandler
                0x0000000008005748                TIM1_TRG_COM_TIM17_IRQHandler
                0x0000000008005748                DMA1_Channel3_IRQHandler
                0x0000000008005748                COMP_IRQHandler
                0x0000000008005748                WWDG_IRQHandler
                0x0000000008005748                LPUART1_IRQHandler
                0x0000000008005748                DMA2_Channel6_IRQHandler
                0x0000000008005748                EXTI1_IRQHandler
                0x0000000008005748                USART2_IRQHandler
                0x0000000008005748                DFSDM1_FLT0_IRQHandler
                0x0000000008005748                I2C2_ER_IRQHandler
                0x0000000008005748                DMA1_Channel2_IRQHandler
                0x0000000008005748                TIM8_BRK_IRQHandler
                0x0000000008005748                CAN1_SCE_IRQHandler
                0x0000000008005748                FLASH_IRQHandler
                0x0000000008005748                USART1_IRQHandler
                0x0000000008005748                OTG_FS_IRQHandler
                0x0000000008005748                I2C1_ER_IRQHandler
                0x0000000008005748                FMC_IRQHandler
                0x0000000008005748                SWPMI1_IRQHandler
                0x0000000008005748                LPTIM1_IRQHandler
                0x0000000008005748                SAI1_IRQHandler
                0x0000000008005748                DMA2_Channel3_IRQHandler
                0x0000000008005748                TIM1_BRK_TIM15_IRQHandler
 *fill*         0x000000000800574a        0x2 
 .text.arm_sin_f32
                0x000000000800574c       0x88 C:/Users/jirka/Documents/STM/PMSM_xsovis02/lib\libarm_cortexM4lf_math.a(arm_sin_f32.o)
                0x000000000800574c                arm_sin_f32
 .text.arm_cos_f32
                0x00000000080057d4       0x80 C:/Users/jirka/Documents/STM/PMSM_xsovis02/lib\libarm_cortexM4lf_math.a(arm_cos_f32.o)
                0x00000000080057d4                arm_cos_f32
 .text.__libc_init_array
                0x0000000008005854       0x48 c:/st/stm32cubeide_1.5.1/stm32cubeide/plugins/com.st.stm32cube.ide.mcu.externaltools.gnu-tools-for-stm32.7-2018-q2-update.win32_1.5.0.202011040924/tools/bin/../lib/gcc/arm-none-eabi/7.3.1/../../../../arm-none-eabi/lib/thumb/v7e-m/fpv4-sp/hard\libc_nano.a(lib_a-init.o)
                0x0000000008005854                __libc_init_array
 .text.memset   0x000000000800589c       0x10 c:/st/stm32cubeide_1.5.1/stm32cubeide/plugins/com.st.stm32cube.ide.mcu.externaltools.gnu-tools-for-stm32.7-2018-q2-update.win32_1.5.0.202011040924/tools/bin/../lib/gcc/arm-none-eabi/7.3.1/../../../../arm-none-eabi/lib/thumb/v7e-m/fpv4-sp/hard\libc_nano.a(lib_a-memset.o)
                0x000000000800589c                memset
 *(.glue_7)
 .glue_7        0x00000000080058ac        0x0 linker stubs
 *(.glue_7t)
 .glue_7t       0x00000000080058ac        0x0 linker stubs
 *(.eh_frame)
 .eh_frame      0x00000000080058ac        0x0 c:/st/stm32cubeide_1.5.1/stm32cubeide/plugins/com.st.stm32cube.ide.mcu.externaltools.gnu-tools-for-stm32.7-2018-q2-update.win32_1.5.0.202011040924/tools/bin/../lib/gcc/arm-none-eabi/7.3.1/thumb/v7e-m/fpv4-sp/hard/crtbegin.o
 *(.init)
 .init          0x00000000080058ac        0x4 c:/st/stm32cubeide_1.5.1/stm32cubeide/plugins/com.st.stm32cube.ide.mcu.externaltools.gnu-tools-for-stm32.7-2018-q2-update.win32_1.5.0.202011040924/tools/bin/../lib/gcc/arm-none-eabi/7.3.1/thumb/v7e-m/fpv4-sp/hard/crti.o
                0x00000000080058ac                _init
 .init          0x00000000080058b0        0x8 c:/st/stm32cubeide_1.5.1/stm32cubeide/plugins/com.st.stm32cube.ide.mcu.externaltools.gnu-tools-for-stm32.7-2018-q2-update.win32_1.5.0.202011040924/tools/bin/../lib/gcc/arm-none-eabi/7.3.1/thumb/v7e-m/fpv4-sp/hard/crtn.o
 *(.fini)
 .fini          0x00000000080058b8        0x4 c:/st/stm32cubeide_1.5.1/stm32cubeide/plugins/com.st.stm32cube.ide.mcu.externaltools.gnu-tools-for-stm32.7-2018-q2-update.win32_1.5.0.202011040924/tools/bin/../lib/gcc/arm-none-eabi/7.3.1/thumb/v7e-m/fpv4-sp/hard/crti.o
                0x00000000080058b8                _fini
 .fini          0x00000000080058bc        0x8 c:/st/stm32cubeide_1.5.1/stm32cubeide/plugins/com.st.stm32cube.ide.mcu.externaltools.gnu-tools-for-stm32.7-2018-q2-update.win32_1.5.0.202011040924/tools/bin/../lib/gcc/arm-none-eabi/7.3.1/thumb/v7e-m/fpv4-sp/hard/crtn.o
                0x00000000080058c4                . = ALIGN (0x4)
                0x00000000080058c4                _etext = .

.vfp11_veneer   0x00000000080058c4        0x0
 .vfp11_veneer  0x00000000080058c4        0x0 linker stubs

.v4_bx          0x00000000080058c4        0x0
 .v4_bx         0x00000000080058c4        0x0 linker stubs

.iplt           0x00000000080058c4        0x0
 .iplt          0x00000000080058c4        0x0 c:/st/stm32cubeide_1.5.1/stm32cubeide/plugins/com.st.stm32cube.ide.mcu.externaltools.gnu-tools-for-stm32.7-2018-q2-update.win32_1.5.0.202011040924/tools/bin/../lib/gcc/arm-none-eabi/7.3.1/thumb/v7e-m/fpv4-sp/hard/crtbegin.o

.rodata         0x00000000080058c4      0x860
                0x00000000080058c4                . = ALIGN (0x4)
 *(.rodata)
 *(.rodata*)
 .rodata.AHBPrescTable
                0x00000000080058c4       0x10 Core/Src/system_stm32l4xx.o
                0x00000000080058c4                AHBPrescTable
 .rodata.APBPrescTable
                0x00000000080058d4        0x8 Core/Src/system_stm32l4xx.o
                0x00000000080058d4                APBPrescTable
 .rodata.MSIRangeTable
                0x00000000080058dc       0x30 Core/Src/system_stm32l4xx.o
                0x00000000080058dc                MSIRangeTable
 .rodata.CSWTCH.52
                0x000000000800590c        0x4 Drivers/STM32L4xx_HAL_Driver/Src/stm32l4xx_hal_uart.o
 .rodata.CSWTCH.53
                0x0000000008005910        0xd Drivers/STM32L4xx_HAL_Driver/Src/stm32l4xx_hal_uart.o
 *fill*         0x000000000800591d        0x3 
 .rodata.sinTable_f32
                0x0000000008005920      0x804 C:/Users/jirka/Documents/STM/PMSM_xsovis02/lib\libarm_cortexM4lf_math.a(arm_common_tables.o)
                0x0000000008005920                sinTable_f32
                0x0000000008006124                . = ALIGN (0x4)

.ARM.extab
 *(.ARM.extab* .gnu.linkonce.armextab.*)

.ARM            0x0000000008006124        0x8
                0x0000000008006124                __exidx_start = .
 *(.ARM.exidx*)
 .ARM.exidx     0x0000000008006124        0x8 c:/st/stm32cubeide_1.5.1/stm32cubeide/plugins/com.st.stm32cube.ide.mcu.externaltools.gnu-tools-for-stm32.7-2018-q2-update.win32_1.5.0.202011040924/tools/bin/../lib/gcc/arm-none-eabi/7.3.1/thumb/v7e-m/fpv4-sp/hard\libgcc.a(_udivmoddi4.o)
                0x000000000800612c                __exidx_end = .

.rel.dyn        0x000000000800612c        0x0
 .rel.iplt      0x000000000800612c        0x0 c:/st/stm32cubeide_1.5.1/stm32cubeide/plugins/com.st.stm32cube.ide.mcu.externaltools.gnu-tools-for-stm32.7-2018-q2-update.win32_1.5.0.202011040924/tools/bin/../lib/gcc/arm-none-eabi/7.3.1/thumb/v7e-m/fpv4-sp/hard/crtbegin.o

.preinit_array  0x000000000800612c        0x0
                0x000000000800612c                PROVIDE (__preinit_array_start = .)
 *(.preinit_array*)
                0x000000000800612c                PROVIDE (__preinit_array_end = .)

.init_array     0x000000000800612c        0x4
                0x000000000800612c                PROVIDE (__init_array_start = .)
 *(SORT_BY_NAME(.init_array.*))
 *(.init_array*)
 .init_array    0x000000000800612c        0x4 c:/st/stm32cubeide_1.5.1/stm32cubeide/plugins/com.st.stm32cube.ide.mcu.externaltools.gnu-tools-for-stm32.7-2018-q2-update.win32_1.5.0.202011040924/tools/bin/../lib/gcc/arm-none-eabi/7.3.1/thumb/v7e-m/fpv4-sp/hard/crtbegin.o
                0x0000000008006130                PROVIDE (__init_array_end = .)

.fini_array     0x0000000008006130        0x4
                [!provide]                        PROVIDE (__fini_array_start = .)
 *(SORT_BY_NAME(.fini_array.*))
 *(.fini_array*)
 .fini_array    0x0000000008006130        0x4 c:/st/stm32cubeide_1.5.1/stm32cubeide/plugins/com.st.stm32cube.ide.mcu.externaltools.gnu-tools-for-stm32.7-2018-q2-update.win32_1.5.0.202011040924/tools/bin/../lib/gcc/arm-none-eabi/7.3.1/thumb/v7e-m/fpv4-sp/hard/crtbegin.o
                [!provide]                        PROVIDE (__fini_array_end = .)
                0x0000000008006134                _sidata = LOADADDR (.data)

.data           0x0000000020000000       0x2c load address 0x0000000008006134
                0x0000000020000000                . = ALIGN (0x4)
                0x0000000020000000                _sdata = .
 *(.data)
 *(.data*)
 .data.K_d      0x0000000020000000        0x4 Core/Src/main.o
                0x0000000020000000                K_d
 .data.K_position
                0x0000000020000004        0x4 Core/Src/main.o
                0x0000000020000004                K_position
 .data.K_q      0x0000000020000008        0x4 Core/Src/main.o
                0x0000000020000008                K_q
 .data.K_speed  0x000000002000000c        0x4 Core/Src/main.o
                0x000000002000000c                K_speed
 .data.Ki_d     0x0000000020000010        0x4 Core/Src/main.o
                0x0000000020000010                Ki_d
 .data.Ki_position
                0x0000000020000014        0x4 Core/Src/main.o
                0x0000000020000014                Ki_position
 .data.Ki_q     0x0000000020000018        0x4 Core/Src/main.o
                0x0000000020000018                Ki_q
 .data.SP_position
                0x000000002000001c        0x4 Core/Src/main.o
                0x000000002000001c                SP_position
 .data.SystemCoreClock
                0x0000000020000020        0x4 Core/Src/system_stm32l4xx.o
                0x0000000020000020                SystemCoreClock
 .data.uwTickFreq
                0x0000000020000024        0x1 Drivers/STM32L4xx_HAL_Driver/Src/stm32l4xx_hal.o
                0x0000000020000024                uwTickFreq
 *fill*         0x0000000020000025        0x3 
 .data.uwTickPrio
                0x0000000020000028        0x4 Drivers/STM32L4xx_HAL_Driver/Src/stm32l4xx_hal.o
                0x0000000020000028                uwTickPrio
                0x000000002000002c                . = ALIGN (0x4)
                0x000000002000002c                _edata = .

.igot.plt       0x000000002000002c        0x0 load address 0x0000000008006160
 .igot.plt      0x000000002000002c        0x0 c:/st/stm32cubeide_1.5.1/stm32cubeide/plugins/com.st.stm32cube.ide.mcu.externaltools.gnu-tools-for-stm32.7-2018-q2-update.win32_1.5.0.202011040924/tools/bin/../lib/gcc/arm-none-eabi/7.3.1/thumb/v7e-m/fpv4-sp/hard/crtbegin.o
                0x000000002000002c                . = ALIGN (0x4)

.bss            0x000000002000002c      0x88c load address 0x0000000008006160
                0x000000002000002c                _sbss = .
                0x000000002000002c                __bss_start__ = _sbss
 *(.bss)
 .bss           0x000000002000002c       0x1c c:/st/stm32cubeide_1.5.1/stm32cubeide/plugins/com.st.stm32cube.ide.mcu.externaltools.gnu-tools-for-stm32.7-2018-q2-update.win32_1.5.0.202011040924/tools/bin/../lib/gcc/arm-none-eabi/7.3.1/thumb/v7e-m/fpv4-sp/hard/crtbegin.o
 *(.bss*)
 .bss.PV_id     0x0000000020000048        0x4 Core/Src/main.o
                0x0000000020000048                PV_id
 .bss.PV_iq     0x000000002000004c        0x4 Core/Src/main.o
                0x000000002000004c                PV_iq
 .bss.PV_position
                0x0000000020000050        0x4 Core/Src/main.o
                0x0000000020000050                PV_position
 .bss.PV_speed  0x0000000020000054        0x4 Core/Src/main.o
                0x0000000020000054                PV_speed
 .bss.SP_id     0x0000000020000058        0x4 Core/Src/main.o
                0x0000000020000058                SP_id
 .bss.SP_iq     0x000000002000005c        0x4 Core/Src/main.o
                0x000000002000005c                SP_iq
 .bss.SP_speed  0x0000000020000060        0x4 Core/Src/main.o
                0x0000000020000060                SP_speed
 .bss.alpha     0x0000000020000064        0x4 Core/Src/main.o
                0x0000000020000064                alpha
 .bss.beta      0x0000000020000068        0x4 Core/Src/main.o
                0x0000000020000068                beta
 .bss.diff      0x000000002000006c        0x2 Core/Src/main.o
                0x000000002000006c                diff
 .bss.diffCounter
                0x000000002000006e        0x2 Core/Src/main.o
                0x000000002000006e                diffCounter
 .bss.e_d       0x0000000020000070        0x4 Core/Src/main.o
                0x0000000020000070                e_d
 .bss.e_position
                0x0000000020000074        0x4 Core/Src/main.o
                0x0000000020000074                e_position
 .bss.e_q       0x0000000020000078        0x4 Core/Src/main.o
                0x0000000020000078                e_q
 .bss.e_speed   0x000000002000007c        0x4 Core/Src/main.o
                0x000000002000007c                e_speed
 .bss.encoder   0x0000000020000080        0x2 Core/Src/main.o
                0x0000000020000080                encoder
 .bss.encoderBefore
                0x0000000020000082        0x2 Core/Src/main.o
                0x0000000020000082                encoderBefore
 .bss.measureI  0x0000000020000084        0x6 Core/Src/main.o
                0x0000000020000084                measureI
 *fill*         0x000000002000008a        0x2 
 .bss.sum_d     0x000000002000008c        0x4 Core/Src/main.o
                0x000000002000008c                sum_d
 .bss.sum_position
                0x0000000020000090        0x4 Core/Src/main.o
                0x0000000020000090                sum_position
 .bss.sum_q     0x0000000020000094        0x4 Core/Src/main.o
                0x0000000020000094                sum_q
 .bss.uA        0x0000000020000098        0x4 Core/Src/main.o
                0x0000000020000098                uA
 .bss.uB        0x000000002000009c        0x4 Core/Src/main.o
                0x000000002000009c                uB
 .bss.uC        0x00000000200000a0        0x4 Core/Src/main.o
                0x00000000200000a0                uC
 .bss.ud        0x00000000200000a4        0x4 Core/Src/main.o
                0x00000000200000a4                ud
 .bss.uq        0x00000000200000a8        0x4 Core/Src/main.o
                0x00000000200000a8                uq
 *(COMMON)
 COMMON         0x00000000200000ac      0x808 Core/Src/main.o
                0x00000000200000ac                encod
                0x00000000200000b0                measB
                0x00000000200000b4                flag
                0x00000000200000b8                hspi3
                0x000000002000011c                sine
                0x0000000020000120                periods
                0x0000000020000124                hadc1
                0x0000000020000188                cosine
                0x000000002000018c                angleRad
                0x0000000020000190                htim1
                0x00000000200001dc                measA
                0x00000000200001e0                htim2
                0x000000002000022c                huart2
                0x00000000200002ac                measurement2
                0x00000000200004ac                measC
                0x00000000200004b0                spiRxBuffer
                0x00000000200004b4                measurement
 COMMON         0x00000000200008b4        0x4 Drivers/STM32L4xx_HAL_Driver/Src/stm32l4xx_hal.o
                0x00000000200008b4                uwTick
                0x00000000200008b8                . = ALIGN (0x4)
                0x00000000200008b8                _ebss = .
                0x00000000200008b8                __bss_end__ = _ebss

._user_heap_stack
                0x00000000200008b8      0x600 load address 0x0000000008006160
                0x00000000200008b8                . = ALIGN (0x4)
                0x00000000200008b8                PROVIDE (end = .)
                [!provide]                        PROVIDE (_end = .)
                0x0000000020000ab8                . = (. + _Min_Heap_Size)
 *fill*         0x00000000200008b8      0x200 
                0x0000000020000eb8                . = (. + _Min_Stack_Size)
 *fill*         0x0000000020000ab8      0x400 
                0x0000000020000eb8                . = ALIGN (0x4)

/DISCARD/
 libc.a(*)
 libm.a(*)
 libgcc.a(*)

.ARM.attributes
                0x0000000000000000       0x30
 *(.ARM.attributes)
 .ARM.attributes
                0x0000000000000000       0x22 c:/st/stm32cubeide_1.5.1/stm32cubeide/plugins/com.st.stm32cube.ide.mcu.externaltools.gnu-tools-for-stm32.7-2018-q2-update.win32_1.5.0.202011040924/tools/bin/../lib/gcc/arm-none-eabi/7.3.1/thumb/v7e-m/fpv4-sp/hard/crti.o
 .ARM.attributes
                0x0000000000000022       0x34 c:/st/stm32cubeide_1.5.1/stm32cubeide/plugins/com.st.stm32cube.ide.mcu.externaltools.gnu-tools-for-stm32.7-2018-q2-update.win32_1.5.0.202011040924/tools/bin/../lib/gcc/arm-none-eabi/7.3.1/thumb/v7e-m/fpv4-sp/hard/crtbegin.o
 .ARM.attributes
                0x0000000000000056       0x35 Core/Src/main.o
 .ARM.attributes
                0x000000000000008b       0x35 Core/Src/stm32l4xx_hal_msp.o
 .ARM.attributes
                0x00000000000000c0       0x35 Core/Src/stm32l4xx_it.o
 .ARM.attributes
                0x00000000000000f5       0x35 Core/Src/system_stm32l4xx.o
 .ARM.attributes
                0x000000000000012a       0x35 Drivers/STM32L4xx_HAL_Driver/Src/stm32l4xx_hal.o
 .ARM.attributes
                0x000000000000015f       0x35 Drivers/STM32L4xx_HAL_Driver/Src/stm32l4xx_hal_adc.o
 .ARM.attributes
                0x0000000000000194       0x35 Drivers/STM32L4xx_HAL_Driver/Src/stm32l4xx_hal_adc_ex.o
 .ARM.attributes
                0x00000000000001c9       0x35 Drivers/STM32L4xx_HAL_Driver/Src/stm32l4xx_hal_cortex.o
 .ARM.attributes
                0x00000000000001fe       0x35 Drivers/STM32L4xx_HAL_Driver/Src/stm32l4xx_hal_dma.o
 .ARM.attributes
                0x0000000000000233       0x35 Drivers/STM32L4xx_HAL_Driver/Src/stm32l4xx_hal_gpio.o
 .ARM.attributes
                0x0000000000000268       0x35 Drivers/STM32L4xx_HAL_Driver/Src/stm32l4xx_hal_pwr_ex.o
 .ARM.attributes
                0x000000000000029d       0x35 Drivers/STM32L4xx_HAL_Driver/Src/stm32l4xx_hal_rcc.o
 .ARM.attributes
                0x00000000000002d2       0x35 Drivers/STM32L4xx_HAL_Driver/Src/stm32l4xx_hal_rcc_ex.o
 .ARM.attributes
                0x0000000000000307       0x35 Drivers/STM32L4xx_HAL_Driver/Src/stm32l4xx_hal_spi.o
 .ARM.attributes
                0x000000000000033c       0x35 Drivers/STM32L4xx_HAL_Driver/Src/stm32l4xx_hal_tim.o
 .ARM.attributes
                0x0000000000000371       0x35 Drivers/STM32L4xx_HAL_Driver/Src/stm32l4xx_hal_tim_ex.o
 .ARM.attributes
                0x00000000000003a6       0x35 Drivers/STM32L4xx_HAL_Driver/Src/stm32l4xx_hal_uart.o
 .ARM.attributes
                0x00000000000003db       0x21 startup/startup_stm32l476xx.o
 .ARM.attributes
                0x00000000000003fc       0x39 C:/Users/jirka/Documents/STM/PMSM_xsovis02/lib\libarm_cortexM4lf_math.a(arm_sin_f32.o)
 .ARM.attributes
                0x0000000000000435       0x39 C:/Users/jirka/Documents/STM/PMSM_xsovis02/lib\libarm_cortexM4lf_math.a(arm_cos_f32.o)
 .ARM.attributes
                0x000000000000046e       0x39 C:/Users/jirka/Documents/STM/PMSM_xsovis02/lib\libarm_cortexM4lf_math.a(arm_common_tables.o)
 .ARM.attributes
                0x00000000000004a7       0x34 c:/st/stm32cubeide_1.5.1/stm32cubeide/plugins/com.st.stm32cube.ide.mcu.externaltools.gnu-tools-for-stm32.7-2018-q2-update.win32_1.5.0.202011040924/tools/bin/../lib/gcc/arm-none-eabi/7.3.1/../../../../arm-none-eabi/lib/thumb/v7e-m/fpv4-sp/hard\libc_nano.a(lib_a-init.o)
 .ARM.attributes
                0x00000000000004db       0x34 c:/st/stm32cubeide_1.5.1/stm32cubeide/plugins/com.st.stm32cube.ide.mcu.externaltools.gnu-tools-for-stm32.7-2018-q2-update.win32_1.5.0.202011040924/tools/bin/../lib/gcc/arm-none-eabi/7.3.1/../../../../arm-none-eabi/lib/thumb/v7e-m/fpv4-sp/hard\libc_nano.a(lib_a-memset.o)
 .ARM.attributes
                0x000000000000050f       0x22 c:/st/stm32cubeide_1.5.1/stm32cubeide/plugins/com.st.stm32cube.ide.mcu.externaltools.gnu-tools-for-stm32.7-2018-q2-update.win32_1.5.0.202011040924/tools/bin/../lib/gcc/arm-none-eabi/7.3.1/thumb/v7e-m/fpv4-sp/hard\libgcc.a(_arm_addsubdf3.o)
 .ARM.attributes
                0x0000000000000531       0x22 c:/st/stm32cubeide_1.5.1/stm32cubeide/plugins/com.st.stm32cube.ide.mcu.externaltools.gnu-tools-for-stm32.7-2018-q2-update.win32_1.5.0.202011040924/tools/bin/../lib/gcc/arm-none-eabi/7.3.1/thumb/v7e-m/fpv4-sp/hard\libgcc.a(_arm_muldivdf3.o)
 .ARM.attributes
                0x0000000000000553       0x22 c:/st/stm32cubeide_1.5.1/stm32cubeide/plugins/com.st.stm32cube.ide.mcu.externaltools.gnu-tools-for-stm32.7-2018-q2-update.win32_1.5.0.202011040924/tools/bin/../lib/gcc/arm-none-eabi/7.3.1/thumb/v7e-m/fpv4-sp/hard\libgcc.a(_arm_cmpdf2.o)
 .ARM.attributes
                0x0000000000000575       0x22 c:/st/stm32cubeide_1.5.1/stm32cubeide/plugins/com.st.stm32cube.ide.mcu.externaltools.gnu-tools-for-stm32.7-2018-q2-update.win32_1.5.0.202011040924/tools/bin/../lib/gcc/arm-none-eabi/7.3.1/thumb/v7e-m/fpv4-sp/hard\libgcc.a(_arm_fixunsdfsi.o)
 .ARM.attributes
                0x0000000000000597       0x22 c:/st/stm32cubeide_1.5.1/stm32cubeide/plugins/com.st.stm32cube.ide.mcu.externaltools.gnu-tools-for-stm32.7-2018-q2-update.win32_1.5.0.202011040924/tools/bin/../lib/gcc/arm-none-eabi/7.3.1/thumb/v7e-m/fpv4-sp/hard\libgcc.a(_arm_truncdfsf2.o)
 .ARM.attributes
                0x00000000000005b9       0x22 c:/st/stm32cubeide_1.5.1/stm32cubeide/plugins/com.st.stm32cube.ide.mcu.externaltools.gnu-tools-for-stm32.7-2018-q2-update.win32_1.5.0.202011040924/tools/bin/../lib/gcc/arm-none-eabi/7.3.1/thumb/v7e-m/fpv4-sp/hard\libgcc.a(_aeabi_uldivmod.o)
 .ARM.attributes
                0x00000000000005db       0x34 c:/st/stm32cubeide_1.5.1/stm32cubeide/plugins/com.st.stm32cube.ide.mcu.externaltools.gnu-tools-for-stm32.7-2018-q2-update.win32_1.5.0.202011040924/tools/bin/../lib/gcc/arm-none-eabi/7.3.1/thumb/v7e-m/fpv4-sp/hard\libgcc.a(_udivmoddi4.o)
 .ARM.attributes
                0x000000000000060f       0x22 c:/st/stm32cubeide_1.5.1/stm32cubeide/plugins/com.st.stm32cube.ide.mcu.externaltools.gnu-tools-for-stm32.7-2018-q2-update.win32_1.5.0.202011040924/tools/bin/../lib/gcc/arm-none-eabi/7.3.1/thumb/v7e-m/fpv4-sp/hard\libgcc.a(_dvmd_tls.o)
 .ARM.attributes
                0x0000000000000631       0x22 c:/st/stm32cubeide_1.5.1/stm32cubeide/plugins/com.st.stm32cube.ide.mcu.externaltools.gnu-tools-for-stm32.7-2018-q2-update.win32_1.5.0.202011040924/tools/bin/../lib/gcc/arm-none-eabi/7.3.1/thumb/v7e-m/fpv4-sp/hard/crtn.o
OUTPUT(PMSM_xsovis02.elf elf32-littlearm)

.debug_info     0x0000000000000000    0x1edfa
 .debug_info    0x0000000000000000     0x3630 Core/Src/main.o
 .debug_info    0x0000000000003630     0x1c24 Core/Src/stm32l4xx_hal_msp.o
 .debug_info    0x0000000000005254      0xfd2 Core/Src/stm32l4xx_it.o
 .debug_info    0x0000000000006226      0x72d Core/Src/system_stm32l4xx.o
 .debug_info    0x0000000000006953      0xe2d Drivers/STM32L4xx_HAL_Driver/Src/stm32l4xx_hal.o
 .debug_info    0x0000000000007780     0x3580 Drivers/STM32L4xx_HAL_Driver/Src/stm32l4xx_hal_adc.o
 .debug_info    0x000000000000ad00     0x25d4 Drivers/STM32L4xx_HAL_Driver/Src/stm32l4xx_hal_adc_ex.o
 .debug_info    0x000000000000d2d4     0x10cf Drivers/STM32L4xx_HAL_Driver/Src/stm32l4xx_hal_cortex.o
 .debug_info    0x000000000000e3a3      0x989 Drivers/STM32L4xx_HAL_Driver/Src/stm32l4xx_hal_dma.o
 .debug_info    0x000000000000ed2c      0x9d1 Drivers/STM32L4xx_HAL_Driver/Src/stm32l4xx_hal_gpio.o
 .debug_info    0x000000000000f6fd      0xbe7 Drivers/STM32L4xx_HAL_Driver/Src/stm32l4xx_hal_pwr_ex.o
 .debug_info    0x00000000000102e4      0xff3 Drivers/STM32L4xx_HAL_Driver/Src/stm32l4xx_hal_rcc.o
 .debug_info    0x00000000000112d7     0x11ee Drivers/STM32L4xx_HAL_Driver/Src/stm32l4xx_hal_rcc_ex.o
 .debug_info    0x00000000000124c5     0x3250 Drivers/STM32L4xx_HAL_Driver/Src/stm32l4xx_hal_spi.o
 .debug_info    0x0000000000015715     0x4694 Drivers/STM32L4xx_HAL_Driver/Src/stm32l4xx_hal_tim.o
 .debug_info    0x0000000000019da9     0x1b97 Drivers/STM32L4xx_HAL_Driver/Src/stm32l4xx_hal_tim_ex.o
 .debug_info    0x000000000001b940     0x2801 Drivers/STM32L4xx_HAL_Driver/Src/stm32l4xx_hal_uart.o
 .debug_info    0x000000000001e141       0x22 startup/startup_stm32l476xx.o
 .debug_info    0x000000000001e163      0x17e C:/Users/jirka/Documents/STM/PMSM_xsovis02/lib\libarm_cortexM4lf_math.a(arm_sin_f32.o)
 .debug_info    0x000000000001e2e1      0x17c C:/Users/jirka/Documents/STM/PMSM_xsovis02/lib\libarm_cortexM4lf_math.a(arm_cos_f32.o)
 .debug_info    0x000000000001e45d      0x99d C:/Users/jirka/Documents/STM/PMSM_xsovis02/lib\libarm_cortexM4lf_math.a(arm_common_tables.o)

.debug_abbrev   0x0000000000000000     0x3044
 .debug_abbrev  0x0000000000000000      0x3bb Core/Src/main.o
 .debug_abbrev  0x00000000000003bb      0x222 Core/Src/stm32l4xx_hal_msp.o
 .debug_abbrev  0x00000000000005dd      0x1ba Core/Src/stm32l4xx_it.o
 .debug_abbrev  0x0000000000000797      0x150 Core/Src/system_stm32l4xx.o
 .debug_abbrev  0x00000000000008e7      0x291 Drivers/STM32L4xx_HAL_Driver/Src/stm32l4xx_hal.o
 .debug_abbrev  0x0000000000000b78      0x303 Drivers/STM32L4xx_HAL_Driver/Src/stm32l4xx_hal_adc.o
 .debug_abbrev  0x0000000000000e7b      0x343 Drivers/STM32L4xx_HAL_Driver/Src/stm32l4xx_hal_adc_ex.o
 .debug_abbrev  0x00000000000011be      0x320 Drivers/STM32L4xx_HAL_Driver/Src/stm32l4xx_hal_cortex.o
 .debug_abbrev  0x00000000000014de      0x23f Drivers/STM32L4xx_HAL_Driver/Src/stm32l4xx_hal_dma.o
 .debug_abbrev  0x000000000000171d      0x1eb Drivers/STM32L4xx_HAL_Driver/Src/stm32l4xx_hal_gpio.o
 .debug_abbrev  0x0000000000001908      0x265 Drivers/STM32L4xx_HAL_Driver/Src/stm32l4xx_hal_pwr_ex.o
 .debug_abbrev  0x0000000000001b6d      0x29b Drivers/STM32L4xx_HAL_Driver/Src/stm32l4xx_hal_rcc.o
 .debug_abbrev  0x0000000000001e08      0x269 Drivers/STM32L4xx_HAL_Driver/Src/stm32l4xx_hal_rcc_ex.o
 .debug_abbrev  0x0000000000002071      0x37e Drivers/STM32L4xx_HAL_Driver/Src/stm32l4xx_hal_spi.o
 .debug_abbrev  0x00000000000023ef      0x349 Drivers/STM32L4xx_HAL_Driver/Src/stm32l4xx_hal_tim.o
 .debug_abbrev  0x0000000000002738      0x346 Drivers/STM32L4xx_HAL_Driver/Src/stm32l4xx_hal_tim_ex.o
 .debug_abbrev  0x0000000000002a7e      0x37b Drivers/STM32L4xx_HAL_Driver/Src/stm32l4xx_hal_uart.o
 .debug_abbrev  0x0000000000002df9       0x12 startup/startup_stm32l476xx.o
 .debug_abbrev  0x0000000000002e0b       0xd3 C:/Users/jirka/Documents/STM/PMSM_xsovis02/lib\libarm_cortexM4lf_math.a(arm_sin_f32.o)
 .debug_abbrev  0x0000000000002ede       0xe2 C:/Users/jirka/Documents/STM/PMSM_xsovis02/lib\libarm_cortexM4lf_math.a(arm_cos_f32.o)
 .debug_abbrev  0x0000000000002fc0       0x84 C:/Users/jirka/Documents/STM/PMSM_xsovis02/lib\libarm_cortexM4lf_math.a(arm_common_tables.o)

.debug_loc      0x0000000000000000    0x16d31
 .debug_loc     0x0000000000000000      0x165 Core/Src/main.o
 .debug_loc     0x0000000000000165      0x15b Core/Src/stm32l4xx_hal_msp.o
 .debug_loc     0x00000000000002c0      0x1c0 Core/Src/system_stm32l4xx.o
 .debug_loc     0x0000000000000480      0x235 Drivers/STM32L4xx_HAL_Driver/Src/stm32l4xx_hal.o
 .debug_loc     0x00000000000006b5     0x2886 Drivers/STM32L4xx_HAL_Driver/Src/stm32l4xx_hal_adc.o
 .debug_loc     0x0000000000002f3b     0x1851 Drivers/STM32L4xx_HAL_Driver/Src/stm32l4xx_hal_adc_ex.o
 .debug_loc     0x000000000000478c      0x5c9 Drivers/STM32L4xx_HAL_Driver/Src/stm32l4xx_hal_cortex.o
 .debug_loc     0x0000000000004d55      0x6c6 Drivers/STM32L4xx_HAL_Driver/Src/stm32l4xx_hal_dma.o
 .debug_loc     0x000000000000541b      0x3e6 Drivers/STM32L4xx_HAL_Driver/Src/stm32l4xx_hal_gpio.o
 .debug_loc     0x0000000000005801      0x979 Drivers/STM32L4xx_HAL_Driver/Src/stm32l4xx_hal_pwr_ex.o
 .debug_loc     0x000000000000617a      0x826 Drivers/STM32L4xx_HAL_Driver/Src/stm32l4xx_hal_rcc.o
 .debug_loc     0x00000000000069a0      0xe68 Drivers/STM32L4xx_HAL_Driver/Src/stm32l4xx_hal_rcc_ex.o
 .debug_loc     0x0000000000007808     0x4774 Drivers/STM32L4xx_HAL_Driver/Src/stm32l4xx_hal_spi.o
 .debug_loc     0x000000000000bf7c     0x747c Drivers/STM32L4xx_HAL_Driver/Src/stm32l4xx_hal_tim.o
 .debug_loc     0x00000000000133f8     0x17a2 Drivers/STM32L4xx_HAL_Driver/Src/stm32l4xx_hal_tim_ex.o
 .debug_loc     0x0000000000014b9a     0x2029 Drivers/STM32L4xx_HAL_Driver/Src/stm32l4xx_hal_uart.o
 .debug_loc     0x0000000000016bc3       0xd8 C:/Users/jirka/Documents/STM/PMSM_xsovis02/lib\libarm_cortexM4lf_math.a(arm_sin_f32.o)
 .debug_loc     0x0000000000016c9b       0x96 C:/Users/jirka/Documents/STM/PMSM_xsovis02/lib\libarm_cortexM4lf_math.a(arm_cos_f32.o)

.debug_aranges  0x0000000000000000      0xf40
 .debug_aranges
                0x0000000000000000       0x48 Core/Src/main.o
 .debug_aranges
                0x0000000000000048       0x68 Core/Src/stm32l4xx_hal_msp.o
 .debug_aranges
                0x00000000000000b0       0x70 Core/Src/stm32l4xx_it.o
 .debug_aranges
                0x0000000000000120       0x28 Core/Src/system_stm32l4xx.o
 .debug_aranges
                0x0000000000000148      0x128 Drivers/STM32L4xx_HAL_Driver/Src/stm32l4xx_hal.o
 .debug_aranges
                0x0000000000000270       0xd0 Drivers/STM32L4xx_HAL_Driver/Src/stm32l4xx_hal_adc.o
 .debug_aranges
                0x0000000000000340       0xd0 Drivers/STM32L4xx_HAL_Driver/Src/stm32l4xx_hal_adc_ex.o
 .debug_aranges
                0x0000000000000410       0xa8 Drivers/STM32L4xx_HAL_Driver/Src/stm32l4xx_hal_cortex.o
 .debug_aranges
                0x00000000000004b8       0x78 Drivers/STM32L4xx_HAL_Driver/Src/stm32l4xx_hal_dma.o
 .debug_aranges
                0x0000000000000530       0x58 Drivers/STM32L4xx_HAL_Driver/Src/stm32l4xx_hal_gpio.o
 .debug_aranges
                0x0000000000000588      0x138 Drivers/STM32L4xx_HAL_Driver/Src/stm32l4xx_hal_pwr_ex.o
 .debug_aranges
                0x00000000000006c0       0x80 Drivers/STM32L4xx_HAL_Driver/Src/stm32l4xx_hal_rcc.o
 .debug_aranges
                0x0000000000000740       0xc0 Drivers/STM32L4xx_HAL_Driver/Src/stm32l4xx_hal_rcc_ex.o
 .debug_aranges
                0x0000000000000800      0x170 Drivers/STM32L4xx_HAL_Driver/Src/stm32l4xx_hal_spi.o
 .debug_aranges
                0x0000000000000970      0x280 Drivers/STM32L4xx_HAL_Driver/Src/stm32l4xx_hal_tim.o
 .debug_aranges
                0x0000000000000bf0      0x120 Drivers/STM32L4xx_HAL_Driver/Src/stm32l4xx_hal_tim_ex.o
 .debug_aranges
                0x0000000000000d10      0x1b0 Drivers/STM32L4xx_HAL_Driver/Src/stm32l4xx_hal_uart.o
 .debug_aranges
                0x0000000000000ec0       0x28 startup/startup_stm32l476xx.o
 .debug_aranges
                0x0000000000000ee8       0x20 C:/Users/jirka/Documents/STM/PMSM_xsovis02/lib\libarm_cortexM4lf_math.a(arm_sin_f32.o)
 .debug_aranges
                0x0000000000000f08       0x20 C:/Users/jirka/Documents/STM/PMSM_xsovis02/lib\libarm_cortexM4lf_math.a(arm_cos_f32.o)
 .debug_aranges
                0x0000000000000f28       0x18 C:/Users/jirka/Documents/STM/PMSM_xsovis02/lib\libarm_cortexM4lf_math.a(arm_common_tables.o)

.debug_ranges   0x0000000000000000     0x3560
 .debug_ranges  0x0000000000000000      0x120 Core/Src/main.o
 .debug_ranges  0x0000000000000120      0x190 Core/Src/stm32l4xx_hal_msp.o
 .debug_ranges  0x00000000000002b0       0x60 Core/Src/stm32l4xx_it.o
 .debug_ranges  0x0000000000000310       0x18 Core/Src/system_stm32l4xx.o
 .debug_ranges  0x0000000000000328      0x118 Drivers/STM32L4xx_HAL_Driver/Src/stm32l4xx_hal.o
 .debug_ranges  0x0000000000000440      0xb20 Drivers/STM32L4xx_HAL_Driver/Src/stm32l4xx_hal_adc.o
 .debug_ranges  0x0000000000000f60      0x510 Drivers/STM32L4xx_HAL_Driver/Src/stm32l4xx_hal_adc_ex.o
 .debug_ranges  0x0000000000001470      0x138 Drivers/STM32L4xx_HAL_Driver/Src/stm32l4xx_hal_cortex.o
 .debug_ranges  0x00000000000015a8       0xc8 Drivers/STM32L4xx_HAL_Driver/Src/stm32l4xx_hal_dma.o
 .debug_ranges  0x0000000000001670       0x60 Drivers/STM32L4xx_HAL_Driver/Src/stm32l4xx_hal_gpio.o
 .debug_ranges  0x00000000000016d0      0x128 Drivers/STM32L4xx_HAL_Driver/Src/stm32l4xx_hal_pwr_ex.o
 .debug_ranges  0x00000000000017f8      0x130 Drivers/STM32L4xx_HAL_Driver/Src/stm32l4xx_hal_rcc.o
 .debug_ranges  0x0000000000001928       0xe8 Drivers/STM32L4xx_HAL_Driver/Src/stm32l4xx_hal_rcc_ex.o
 .debug_ranges  0x0000000000001a10      0xa38 Drivers/STM32L4xx_HAL_Driver/Src/stm32l4xx_hal_spi.o
 .debug_ranges  0x0000000000002448      0x7e8 Drivers/STM32L4xx_HAL_Driver/Src/stm32l4xx_hal_tim.o
 .debug_ranges  0x0000000000002c30      0x160 Drivers/STM32L4xx_HAL_Driver/Src/stm32l4xx_hal_tim_ex.o
 .debug_ranges  0x0000000000002d90      0x790 Drivers/STM32L4xx_HAL_Driver/Src/stm32l4xx_hal_uart.o
 .debug_ranges  0x0000000000003520       0x20 startup/startup_stm32l476xx.o
 .debug_ranges  0x0000000000003540       0x10 C:/Users/jirka/Documents/STM/PMSM_xsovis02/lib\libarm_cortexM4lf_math.a(arm_sin_f32.o)
 .debug_ranges  0x0000000000003550       0x10 C:/Users/jirka/Documents/STM/PMSM_xsovis02/lib\libarm_cortexM4lf_math.a(arm_cos_f32.o)

.debug_macro    0x0000000000000000    0x2917e
 .debug_macro   0x0000000000000000      0x357 Core/Src/main.o
 .debug_macro   0x0000000000000357      0xa60 Core/Src/main.o
 .debug_macro   0x0000000000000db7      0x1b9 Core/Src/main.o
 .debug_macro   0x0000000000000f70       0x2e Core/Src/main.o
 .debug_macro   0x0000000000000f9e       0x28 Core/Src/main.o
 .debug_macro   0x0000000000000fc6       0x22 Core/Src/main.o
 .debug_macro   0x0000000000000fe8       0x8e Core/Src/main.o
 .debug_macro   0x0000000000001076       0x51 Core/Src/main.o
 .debug_macro   0x00000000000010c7       0xef Core/Src/main.o
 .debug_macro   0x00000000000011b6       0x6a Core/Src/main.o
 .debug_macro   0x0000000000001220      0x1df Core/Src/main.o
 .debug_macro   0x00000000000013ff       0x1c Core/Src/main.o
 .debug_macro   0x000000000000141b       0x22 Core/Src/main.o
 .debug_macro   0x000000000000143d      0x101 Core/Src/main.o
 .debug_macro   0x000000000000153e     0x1011 Core/Src/main.o
 .debug_macro   0x000000000000254f      0x11f Core/Src/main.o
 .debug_macro   0x000000000000266e    0x1a13d Core/Src/main.o
 .debug_macro   0x000000000001c7ab       0x43 Core/Src/main.o
 .debug_macro   0x000000000001c7ee     0x3890 Core/Src/main.o
 .debug_macro   0x000000000002007e      0x174 Core/Src/main.o
 .debug_macro   0x00000000000201f2       0x5c Core/Src/main.o
 .debug_macro   0x000000000002024e     0x155f Core/Src/main.o
 .debug_macro   0x00000000000217ad      0x59e Core/Src/main.o
 .debug_macro   0x0000000000021d4b      0x13d Core/Src/main.o
 .debug_macro   0x0000000000021e88      0x18b Core/Src/main.o
 .debug_macro   0x0000000000022013      0x26b Core/Src/main.o
 .debug_macro   0x000000000002227e      0x23d Core/Src/main.o
 .debug_macro   0x00000000000224bb      0xf83 Core/Src/main.o
 .debug_macro   0x000000000002343e      0x632 Core/Src/main.o
 .debug_macro   0x0000000000023a70      0x30c Core/Src/main.o
 .debug_macro   0x0000000000023d7c      0x241 Core/Src/main.o
 .debug_macro   0x0000000000023fbd      0x37c Core/Src/main.o
 .debug_macro   0x0000000000024339       0xd6 Core/Src/main.o
 .debug_macro   0x000000000002440f      0x22c Core/Src/main.o
 .debug_macro   0x000000000002463b       0x61 Core/Src/main.o
 .debug_macro   0x000000000002469c       0xa5 Core/Src/main.o
 .debug_macro   0x0000000000024741      0x122 Core/Src/main.o
 .debug_macro   0x0000000000024863      0x3e9 Core/Src/main.o
 .debug_macro   0x0000000000024c4c      0x2fe Core/Src/main.o
 .debug_macro   0x0000000000024f4a      0xa75 Core/Src/main.o
 .debug_macro   0x00000000000259bf      0x1e7 Core/Src/main.o
 .debug_macro   0x0000000000025ba6      0x59e Core/Src/main.o
 .debug_macro   0x0000000000026144       0x44 Core/Src/main.o
 .debug_macro   0x0000000000026188      0x331 Core/Src/main.o
 .debug_macro   0x00000000000264b9       0x64 Core/Src/main.o
 .debug_macro   0x000000000002651d       0x12 Core/Src/main.o
 .debug_macro   0x000000000002652f       0x46 Core/Src/main.o
 .debug_macro   0x0000000000026575       0x18 Core/Src/main.o
 .debug_macro   0x000000000002658d       0x3c Core/Src/main.o
 .debug_macro   0x00000000000265c9       0x34 Core/Src/main.o
 .debug_macro   0x00000000000265fd       0x52 Core/Src/main.o
 .debug_macro   0x000000000002664f       0x1f Core/Src/main.o
 .debug_macro   0x000000000002666e       0x43 Core/Src/main.o
 .debug_macro   0x00000000000266b1       0x20 Core/Src/main.o
 .debug_macro   0x00000000000266d1      0x1a3 Core/Src/main.o
 .debug_macro   0x0000000000026874      0x32a Core/Src/main.o
 .debug_macro   0x0000000000026b9e       0x10 Core/Src/main.o
 .debug_macro   0x0000000000026bae       0x35 Core/Src/main.o
 .debug_macro   0x0000000000026be3       0x20 Core/Src/main.o
 .debug_macro   0x0000000000026c03      0x1e1 Core/Src/main.o
 .debug_macro   0x0000000000026de4       0xd6 Core/Src/main.o
 .debug_macro   0x0000000000026eba      0x220 Core/Src/stm32l4xx_hal_msp.o
 .debug_macro   0x00000000000270da      0x22a Core/Src/stm32l4xx_it.o
 .debug_macro   0x0000000000027304      0x217 Core/Src/system_stm32l4xx.o
 .debug_macro   0x000000000002751b      0x25f Drivers/STM32L4xx_HAL_Driver/Src/stm32l4xx_hal.o
 .debug_macro   0x000000000002777a      0x22e Drivers/STM32L4xx_HAL_Driver/Src/stm32l4xx_hal_adc.o
 .debug_macro   0x00000000000279a8      0x21d Drivers/STM32L4xx_HAL_Driver/Src/stm32l4xx_hal_adc_ex.o
 .debug_macro   0x0000000000027bc5      0x211 Drivers/STM32L4xx_HAL_Driver/Src/stm32l4xx_hal_cortex.o
 .debug_macro   0x0000000000027dd6      0x211 Drivers/STM32L4xx_HAL_Driver/Src/stm32l4xx_hal_dma.o
 .debug_macro   0x0000000000027fe7      0x250 Drivers/STM32L4xx_HAL_Driver/Src/stm32l4xx_hal_gpio.o
 .debug_macro   0x0000000000028237      0x235 Drivers/STM32L4xx_HAL_Driver/Src/stm32l4xx_hal_pwr_ex.o
 .debug_macro   0x000000000002846c      0x253 Drivers/STM32L4xx_HAL_Driver/Src/stm32l4xx_hal_rcc.o
 .debug_macro   0x00000000000286bf      0x247 Drivers/STM32L4xx_HAL_Driver/Src/stm32l4xx_hal_rcc_ex.o
 .debug_macro   0x0000000000028906      0x219 Drivers/STM32L4xx_HAL_Driver/Src/stm32l4xx_hal_spi.o
 .debug_macro   0x0000000000028b1f      0x212 Drivers/STM32L4xx_HAL_Driver/Src/stm32l4xx_hal_tim.o
 .debug_macro   0x0000000000028d31      0x211 Drivers/STM32L4xx_HAL_Driver/Src/stm32l4xx_hal_tim_ex.o
 .debug_macro   0x0000000000028f42      0x23c Drivers/STM32L4xx_HAL_Driver/Src/stm32l4xx_hal_uart.o

.debug_line     0x0000000000000000    0x11960
 .debug_line    0x0000000000000000      0xd28 Core/Src/main.o
 .debug_line    0x0000000000000d28      0x905 Core/Src/stm32l4xx_hal_msp.o
 .debug_line    0x000000000000162d      0x81b Core/Src/stm32l4xx_it.o
 .debug_line    0x0000000000001e48      0x7bc Core/Src/system_stm32l4xx.o
 .debug_line    0x0000000000002604      0xa14 Drivers/STM32L4xx_HAL_Driver/Src/stm32l4xx_hal.o
 .debug_line    0x0000000000003018     0x18f2 Drivers/STM32L4xx_HAL_Driver/Src/stm32l4xx_hal_adc.o
 .debug_line    0x000000000000490a     0x12a9 Drivers/STM32L4xx_HAL_Driver/Src/stm32l4xx_hal_adc_ex.o
 .debug_line    0x0000000000005bb3      0x9f0 Drivers/STM32L4xx_HAL_Driver/Src/stm32l4xx_hal_cortex.o
 .debug_line    0x00000000000065a3      0xb2c Drivers/STM32L4xx_HAL_Driver/Src/stm32l4xx_hal_dma.o
 .debug_line    0x00000000000070cf      0x93d Drivers/STM32L4xx_HAL_Driver/Src/stm32l4xx_hal_gpio.o
 .debug_line    0x0000000000007a0c      0xbf5 Drivers/STM32L4xx_HAL_Driver/Src/stm32l4xx_hal_pwr_ex.o
 .debug_line    0x0000000000008601      0xb8d Drivers/STM32L4xx_HAL_Driver/Src/stm32l4xx_hal_rcc.o
 .debug_line    0x000000000000918e      0xd0d Drivers/STM32L4xx_HAL_Driver/Src/stm32l4xx_hal_rcc_ex.o
 .debug_line    0x0000000000009e9b     0x1ad9 Drivers/STM32L4xx_HAL_Driver/Src/stm32l4xx_hal_spi.o
 .debug_line    0x000000000000b974     0x2b30 Drivers/STM32L4xx_HAL_Driver/Src/stm32l4xx_hal_tim.o
 .debug_line    0x000000000000e4a4     0x13e6 Drivers/STM32L4xx_HAL_Driver/Src/stm32l4xx_hal_tim_ex.o
 .debug_line    0x000000000000f88a     0x1c44 Drivers/STM32L4xx_HAL_Driver/Src/stm32l4xx_hal_uart.o
 .debug_line    0x00000000000114ce       0x80 startup/startup_stm32l476xx.o
 .debug_line    0x000000000001154e      0x177 C:/Users/jirka/Documents/STM/PMSM_xsovis02/lib\libarm_cortexM4lf_math.a(arm_sin_f32.o)
 .debug_line    0x00000000000116c5      0x16d C:/Users/jirka/Documents/STM/PMSM_xsovis02/lib\libarm_cortexM4lf_math.a(arm_cos_f32.o)
 .debug_line    0x0000000000011832      0x12e C:/Users/jirka/Documents/STM/PMSM_xsovis02/lib\libarm_cortexM4lf_math.a(arm_common_tables.o)

.debug_str      0x0000000000000000   0x109818
 .debug_str     0x0000000000000000   0x104314 Core/Src/main.o
                                     0x104ae5 (size before relaxing)
 .debug_str     0x0000000000104314      0x560 Core/Src/stm32l4xx_hal_msp.o
                                     0x10055e (size before relaxing)
 .debug_str     0x0000000000104874      0x13b Core/Src/stm32l4xx_it.o
                                      0xffda5 (size before relaxing)
 .debug_str     0x00000000001049af       0xcd Core/Src/system_stm32l4xx.o
                                      0xff373 (size before relaxing)
 .debug_str     0x0000000000104a7c      0x632 Drivers/STM32L4xx_HAL_Driver/Src/stm32l4xx_hal.o
                                      0xfff08 (size before relaxing)
 .debug_str     0x00000000001050ae      0xa57 Drivers/STM32L4xx_HAL_Driver/Src/stm32l4xx_hal_adc.o
                                     0x1001a4 (size before relaxing)
 .debug_str     0x0000000000105b05      0x45a Drivers/STM32L4xx_HAL_Driver/Src/stm32l4xx_hal_adc_ex.o
                                     0x1000fe (size before relaxing)
 .debug_str     0x0000000000105f5f      0x31d Drivers/STM32L4xx_HAL_Driver/Src/stm32l4xx_hal_cortex.o
                                      0xffbc7 (size before relaxing)
 .debug_str     0x000000000010627c      0x234 Drivers/STM32L4xx_HAL_Driver/Src/stm32l4xx_hal_dma.o
                                      0xff5d7 (size before relaxing)
 .debug_str     0x00000000001064b0      0x1e0 Drivers/STM32L4xx_HAL_Driver/Src/stm32l4xx_hal_gpio.o
                                      0xff5f2 (size before relaxing)
 .debug_str     0x0000000000106690      0x498 Drivers/STM32L4xx_HAL_Driver/Src/stm32l4xx_hal_pwr_ex.o
                                      0xff8a2 (size before relaxing)
 .debug_str     0x0000000000106b28      0x328 Drivers/STM32L4xx_HAL_Driver/Src/stm32l4xx_hal_rcc.o
                                      0xff976 (size before relaxing)
 .debug_str     0x0000000000106e50      0x3bf Drivers/STM32L4xx_HAL_Driver/Src/stm32l4xx_hal_rcc_ex.o
                                      0xffb55 (size before relaxing)
 .debug_str     0x000000000010720f      0x560 Drivers/STM32L4xx_HAL_Driver/Src/stm32l4xx_hal_spi.o
                                      0xffb5b (size before relaxing)
 .debug_str     0x000000000010776f      0xd0a Drivers/STM32L4xx_HAL_Driver/Src/stm32l4xx_hal_tim.o
                                     0x100667 (size before relaxing)
 .debug_str     0x0000000000108479      0x4d6 Drivers/STM32L4xx_HAL_Driver/Src/stm32l4xx_hal_tim_ex.o
                                      0xfff92 (size before relaxing)
 .debug_str     0x000000000010894f      0x80f Drivers/STM32L4xx_HAL_Driver/Src/stm32l4xx_hal_uart.o
                                      0xfffd3 (size before relaxing)
 .debug_str     0x000000000010915e       0x2f startup/startup_stm32l476xx.o
                                         0x60 (size before relaxing)
 .debug_str     0x000000000010918d      0x168 C:/Users/jirka/Documents/STM/PMSM_xsovis02/lib\libarm_cortexM4lf_math.a(arm_sin_f32.o)
                                        0x242 (size before relaxing)
 .debug_str     0x00000000001092f5       0x2a C:/Users/jirka/Documents/STM/PMSM_xsovis02/lib\libarm_cortexM4lf_math.a(arm_cos_f32.o)
                                        0x242 (size before relaxing)
 .debug_str     0x000000000010931f      0x4f9 C:/Users/jirka/Documents/STM/PMSM_xsovis02/lib\libarm_cortexM4lf_math.a(arm_common_tables.o)
                                        0x704 (size before relaxing)

.comment        0x0000000000000000       0xeb
 .comment       0x0000000000000000       0x7b Core/Src/main.o
                                         0x7c (size before relaxing)
 .comment       0x000000000000007b       0x7c Core/Src/stm32l4xx_hal_msp.o
 .comment       0x000000000000007b       0x7c Core/Src/stm32l4xx_it.o
 .comment       0x000000000000007b       0x7c Core/Src/system_stm32l4xx.o
 .comment       0x000000000000007b       0x7c Drivers/STM32L4xx_HAL_Driver/Src/stm32l4xx_hal.o
 .comment       0x000000000000007b       0x7c Drivers/STM32L4xx_HAL_Driver/Src/stm32l4xx_hal_adc.o
 .comment       0x000000000000007b       0x7c Drivers/STM32L4xx_HAL_Driver/Src/stm32l4xx_hal_adc_ex.o
 .comment       0x000000000000007b       0x7c Drivers/STM32L4xx_HAL_Driver/Src/stm32l4xx_hal_cortex.o
 .comment       0x000000000000007b       0x7c Drivers/STM32L4xx_HAL_Driver/Src/stm32l4xx_hal_dma.o
 .comment       0x000000000000007b       0x7c Drivers/STM32L4xx_HAL_Driver/Src/stm32l4xx_hal_gpio.o
 .comment       0x000000000000007b       0x7c Drivers/STM32L4xx_HAL_Driver/Src/stm32l4xx_hal_pwr_ex.o
 .comment       0x000000000000007b       0x7c Drivers/STM32L4xx_HAL_Driver/Src/stm32l4xx_hal_rcc.o
 .comment       0x000000000000007b       0x7c Drivers/STM32L4xx_HAL_Driver/Src/stm32l4xx_hal_rcc_ex.o
 .comment       0x000000000000007b       0x7c Drivers/STM32L4xx_HAL_Driver/Src/stm32l4xx_hal_spi.o
 .comment       0x000000000000007b       0x7c Drivers/STM32L4xx_HAL_Driver/Src/stm32l4xx_hal_tim.o
 .comment       0x000000000000007b       0x7c Drivers/STM32L4xx_HAL_Driver/Src/stm32l4xx_hal_tim_ex.o
 .comment       0x000000000000007b       0x7c Drivers/STM32L4xx_HAL_Driver/Src/stm32l4xx_hal_uart.o
 .comment       0x000000000000007b       0x70 C:/Users/jirka/Documents/STM/PMSM_xsovis02/lib\libarm_cortexM4lf_math.a(arm_sin_f32.o)
                                         0x71 (size before relaxing)
 .comment       0x00000000000000eb       0x71 C:/Users/jirka/Documents/STM/PMSM_xsovis02/lib\libarm_cortexM4lf_math.a(arm_cos_f32.o)
 .comment       0x00000000000000eb       0x71 C:/Users/jirka/Documents/STM/PMSM_xsovis02/lib\libarm_cortexM4lf_math.a(arm_common_tables.o)

.debug_frame    0x0000000000000000     0x39f4
 .debug_frame   0x0000000000000000       0xfc Core/Src/main.o
 .debug_frame   0x00000000000000fc      0x150 Core/Src/stm32l4xx_hal_msp.o
 .debug_frame   0x000000000000024c       0xe0 Core/Src/stm32l4xx_it.o
 .debug_frame   0x000000000000032c       0x3c Core/Src/system_stm32l4xx.o
 .debug_frame   0x0000000000000368      0x298 Drivers/STM32L4xx_HAL_Driver/Src/stm32l4xx_hal.o
 .debug_frame   0x0000000000000600      0x368 Drivers/STM32L4xx_HAL_Driver/Src/stm32l4xx_hal_adc.o
 .debug_frame   0x0000000000000968      0x344 Drivers/STM32L4xx_HAL_Driver/Src/stm32l4xx_hal_adc_ex.o
 .debug_frame   0x0000000000000cac      0x178 Drivers/STM32L4xx_HAL_Driver/Src/stm32l4xx_hal_cortex.o
 .debug_frame   0x0000000000000e24      0x1b0 Drivers/STM32L4xx_HAL_Driver/Src/stm32l4xx_hal_dma.o
 .debug_frame   0x0000000000000fd4      0x100 Drivers/STM32L4xx_HAL_Driver/Src/stm32l4xx_hal_gpio.o
 .debug_frame   0x00000000000010d4      0x2a4 Drivers/STM32L4xx_HAL_Driver/Src/stm32l4xx_hal_pwr_ex.o
 .debug_frame   0x0000000000001378      0x174 Drivers/STM32L4xx_HAL_Driver/Src/stm32l4xx_hal_rcc.o
 .debug_frame   0x00000000000014ec      0x260 Drivers/STM32L4xx_HAL_Driver/Src/stm32l4xx_hal_rcc_ex.o
 .debug_frame   0x000000000000174c      0x680 Drivers/STM32L4xx_HAL_Driver/Src/stm32l4xx_hal_spi.o
 .debug_frame   0x0000000000001dcc      0xd54 Drivers/STM32L4xx_HAL_Driver/Src/stm32l4xx_hal_tim.o
 .debug_frame   0x0000000000002b20      0x50c Drivers/STM32L4xx_HAL_Driver/Src/stm32l4xx_hal_tim_ex.o
 .debug_frame   0x000000000000302c      0x6d4 Drivers/STM32L4xx_HAL_Driver/Src/stm32l4xx_hal_uart.o
 .debug_frame   0x0000000000003700       0x20 C:/Users/jirka/Documents/STM/PMSM_xsovis02/lib\libarm_cortexM4lf_math.a(arm_sin_f32.o)
 .debug_frame   0x0000000000003720       0x20 C:/Users/jirka/Documents/STM/PMSM_xsovis02/lib\libarm_cortexM4lf_math.a(arm_cos_f32.o)
 .debug_frame   0x0000000000003740       0x2c c:/st/stm32cubeide_1.5.1/stm32cubeide/plugins/com.st.stm32cube.ide.mcu.externaltools.gnu-tools-for-stm32.7-2018-q2-update.win32_1.5.0.202011040924/tools/bin/../lib/gcc/arm-none-eabi/7.3.1/../../../../arm-none-eabi/lib/thumb/v7e-m/fpv4-sp/hard\libc_nano.a(lib_a-init.o)
 .debug_frame   0x000000000000376c       0x20 c:/st/stm32cubeide_1.5.1/stm32cubeide/plugins/com.st.stm32cube.ide.mcu.externaltools.gnu-tools-for-stm32.7-2018-q2-update.win32_1.5.0.202011040924/tools/bin/../lib/gcc/arm-none-eabi/7.3.1/../../../../arm-none-eabi/lib/thumb/v7e-m/fpv4-sp/hard\libc_nano.a(lib_a-memset.o)
 .debug_frame   0x000000000000378c       0xac c:/st/stm32cubeide_1.5.1/stm32cubeide/plugins/com.st.stm32cube.ide.mcu.externaltools.gnu-tools-for-stm32.7-2018-q2-update.win32_1.5.0.202011040924/tools/bin/../lib/gcc/arm-none-eabi/7.3.1/thumb/v7e-m/fpv4-sp/hard\libgcc.a(_arm_addsubdf3.o)
 .debug_frame   0x0000000000003838       0x50 c:/st/stm32cubeide_1.5.1/stm32cubeide/plugins/com.st.stm32cube.ide.mcu.externaltools.gnu-tools-for-stm32.7-2018-q2-update.win32_1.5.0.202011040924/tools/bin/../lib/gcc/arm-none-eabi/7.3.1/thumb/v7e-m/fpv4-sp/hard\libgcc.a(_arm_muldivdf3.o)
 .debug_frame   0x0000000000003888       0xc4 c:/st/stm32cubeide_1.5.1/stm32cubeide/plugins/com.st.stm32cube.ide.mcu.externaltools.gnu-tools-for-stm32.7-2018-q2-update.win32_1.5.0.202011040924/tools/bin/../lib/gcc/arm-none-eabi/7.3.1/thumb/v7e-m/fpv4-sp/hard\libgcc.a(_arm_cmpdf2.o)
 .debug_frame   0x000000000000394c       0x24 c:/st/stm32cubeide_1.5.1/stm32cubeide/plugins/com.st.stm32cube.ide.mcu.externaltools.gnu-tools-for-stm32.7-2018-q2-update.win32_1.5.0.202011040924/tools/bin/../lib/gcc/arm-none-eabi/7.3.1/thumb/v7e-m/fpv4-sp/hard\libgcc.a(_arm_fixunsdfsi.o)
 .debug_frame   0x0000000000003970       0x24 c:/st/stm32cubeide_1.5.1/stm32cubeide/plugins/com.st.stm32cube.ide.mcu.externaltools.gnu-tools-for-stm32.7-2018-q2-update.win32_1.5.0.202011040924/tools/bin/../lib/gcc/arm-none-eabi/7.3.1/thumb/v7e-m/fpv4-sp/hard\libgcc.a(_arm_truncdfsf2.o)
 .debug_frame   0x0000000000003994       0x2c c:/st/stm32cubeide_1.5.1/stm32cubeide/plugins/com.st.stm32cube.ide.mcu.externaltools.gnu-tools-for-stm32.7-2018-q2-update.win32_1.5.0.202011040924/tools/bin/../lib/gcc/arm-none-eabi/7.3.1/thumb/v7e-m/fpv4-sp/hard\libgcc.a(_aeabi_uldivmod.o)
 .debug_frame   0x00000000000039c0       0x34 c:/st/stm32cubeide_1.5.1/stm32cubeide/plugins/com.st.stm32cube.ide.mcu.externaltools.gnu-tools-for-stm32.7-2018-q2-update.win32_1.5.0.202011040924/tools/bin/../lib/gcc/arm-none-eabi/7.3.1/thumb/v7e-m/fpv4-sp/hard\libgcc.a(_udivmoddi4.o)
