stm32l4xx_hal_msp.c:66:6:HAL_MspInit	8	static
stm32l4xx_hal_msp.c:88:6:HAL_ADC_MspInit	56	static
stm32l4xx_hal_msp.c:138:6:HAL_ADC_MspDeInit	8	static
stm32l4xx_hal_msp.c:174:6:HAL_SPI_MspInit	48	static
stm32l4xx_hal_msp.c:214:6:HAL_SPI_MspDeInit	8	static
stm32l4xx_hal_msp.c:246:6:HAL_TIM_Base_MspInit	16	static
stm32l4xx_hal_msp.c:279:6:HAL_TIM_MspPostInit	48	static
stm32l4xx_hal_msp.c:324:6:HAL_TIM_Base_MspDeInit	0	static
stm32l4xx_hal_msp.c:363:6:HAL_UART_MspInit	48	static
stm32l4xx_hal_msp.c:399:6:HAL_UART_MspDeInit	0	static
